Archive member included to satisfy reference by file (symbol)

../../libDaisy//build\libdaisy.a(daisy_seed.o)
                              build/freq-fiche.o (daisy::DaisySeed::Configure())
../../libDaisy//build\libdaisy.a(codec_ak4556.o)
                              ../../libDaisy//build\libdaisy.a(daisy_seed.o) (daisy::Ak4556::Init(dsy_gpio_pin))
../../libDaisy//build\libdaisy.a(codec_wm8731.o)
                              ../../libDaisy//build\libdaisy.a(daisy_seed.o) (daisy::Wm8731::Init(daisy::Wm8731::Config const&, daisy::I2CHandle))
../../libDaisy//build\libdaisy.a(sdram.o)
                              ../../libDaisy//build\libdaisy.a(daisy_seed.o) (SdramHandle::Init())
../../libDaisy//build\libdaisy.a(audio.o)
                              ../../libDaisy//build\libdaisy.a(daisy_seed.o) (daisy::AudioHandle::Init(daisy::AudioHandle::Config const&, daisy::SaiHandle))
../../libDaisy//build\libdaisy.a(adc.o)
                              build/freq-fiche.o (daisy::AdcChannelConfig::InitSingle(dsy_gpio_pin, daisy::AdcChannelConfig::ConversionSpeed))
../../libDaisy//build\libdaisy.a(gpio.o)
                              ../../libDaisy//build\libdaisy.a(daisy_seed.o) (daisy::GPIO::Init(daisy::Pin, daisy::GPIO::Mode, daisy::GPIO::Pull, daisy::GPIO::Speed))
../../libDaisy//build\libdaisy.a(i2c.o)
                              ../../libDaisy//build\libdaisy.a(daisy_seed.o) (daisy::I2CHandle::Init(daisy::I2CHandle::Config const&))
../../libDaisy//build\libdaisy.a(qspi.o)
                              ../../libDaisy//build\libdaisy.a(daisy_seed.o) (daisy::QSPIHandle::Init(daisy::QSPIHandle::Config const&))
../../libDaisy//build\libdaisy.a(sai.o)
                              ../../libDaisy//build\libdaisy.a(daisy_seed.o) (daisy::SaiHandle::Init(daisy::SaiHandle::Config const&))
../../libDaisy//build\libdaisy.a(system.o)
                              ../../libDaisy//build\libdaisy.a(daisy_seed.o) (daisy::System::DeInit())
../../libDaisy//build\libdaisy.a(system_stm32h7xx.o)
                              build/startup_stm32h750xx.o (SystemInit)
../../libDaisy//build\libdaisy.a(usbd_conf.o)
                              ../../libDaisy//build\libdaisy.a(system.o) (hpcd_USB_OTG_HS)
../../libDaisy//build\libdaisy.a(usbh_conf.o)
                              ../../libDaisy//build\libdaisy.a(system.o) (hhcd_USB_OTG_HS)
../../libDaisy//build\libdaisy.a(hal_map.o)
                              ../../libDaisy//build\libdaisy.a(gpio.o) (dsy_hal_map_get_port)
../../libDaisy//build\libdaisy.a(stm32h7xx_hal.o)
                              ../../libDaisy//build\libdaisy.a(system.o) (HAL_Init)
../../libDaisy//build\libdaisy.a(stm32h7xx_hal_adc.o)
                              ../../libDaisy//build\libdaisy.a(adc.o) (HAL_ADC_ConfigChannel)
../../libDaisy//build\libdaisy.a(stm32h7xx_hal_adc_ex.o)
                              ../../libDaisy//build\libdaisy.a(adc.o) (HAL_ADCEx_Calibration_Start)
../../libDaisy//build\libdaisy.a(stm32h7xx_hal_cortex.o)
                              ../../libDaisy//build\libdaisy.a(stm32h7xx_hal.o) (HAL_NVIC_SetPriorityGrouping)
../../libDaisy//build\libdaisy.a(stm32h7xx_hal_dma.o)
                              ../../libDaisy//build\libdaisy.a(adc.o) (HAL_DMA_Init)
../../libDaisy//build\libdaisy.a(stm32h7xx_hal_gpio.o)
                              ../../libDaisy//build\libdaisy.a(sdram.o) (HAL_GPIO_Init)
../../libDaisy//build\libdaisy.a(stm32h7xx_hal_hcd.o)
                              ../../libDaisy//build\libdaisy.a(usbh_conf.o) (HAL_HCD_HC_Init)
../../libDaisy//build\libdaisy.a(stm32h7xx_hal_i2c.o)
                              ../../libDaisy//build\libdaisy.a(i2c.o) (HAL_I2C_Init)
../../libDaisy//build\libdaisy.a(stm32h7xx_hal_i2c_ex.o)
                              ../../libDaisy//build\libdaisy.a(i2c.o) (HAL_I2CEx_ConfigAnalogFilter)
../../libDaisy//build\libdaisy.a(stm32h7xx_hal_pcd.o)
                              ../../libDaisy//build\libdaisy.a(usbd_conf.o) (HAL_PCD_Init)
../../libDaisy//build\libdaisy.a(stm32h7xx_hal_pcd_ex.o)
                              ../../libDaisy//build\libdaisy.a(usbd_conf.o) (HAL_PCDEx_SetTxFiFo)
../../libDaisy//build\libdaisy.a(stm32h7xx_hal_pwr_ex.o)
                              ../../libDaisy//build\libdaisy.a(system.o) (HAL_PWREx_ConfigSupply)
../../libDaisy//build\libdaisy.a(stm32h7xx_hal_qspi.o)
                              ../../libDaisy//build\libdaisy.a(qspi.o) (HAL_QSPI_Init)
../../libDaisy//build\libdaisy.a(stm32h7xx_hal_rcc.o)
                              ../../libDaisy//build\libdaisy.a(system.o) (HAL_RCC_OscConfig)
../../libDaisy//build\libdaisy.a(stm32h7xx_hal_rcc_ex.o)
                              ../../libDaisy//build\libdaisy.a(system.o) (HAL_RCCEx_PeriphCLKConfig)
../../libDaisy//build\libdaisy.a(stm32h7xx_hal_sai.o)
                              ../../libDaisy//build\libdaisy.a(sai.o) (HAL_SAI_InitProtocol)
../../libDaisy//build\libdaisy.a(stm32h7xx_hal_sdram.o)
[...]
Memory Configuration

Name             Origin             Length             Attributes
FLASH            0x08000000         0x00020000         xr
DTCMRAM          0x20000000         0x00020000         xrw
SRAM             0x24000000         0x00080000         xrw
RAM_D2           0x30000000         0x00048000         xrw
RAM_D3           0x38000000         0x00010000         xrw
BACKUP_SRAM      0x38800000         0x00001000         xrw
ITCMRAM          0x00000000         0x00010000         xrw
SDRAM            0xc0000000         0x04000000         xrw
QSPIFLASH        0x90000000         0x00800000         xr
*default*        0x00000000         0xffffffff

Linker script and memory map

LOAD c:/program files/daisytoolchain/bin/../lib/gcc/arm-none-eabi/10.2.1/thumb/v7e-m+dp/hard/crti.o
LOAD c:/program files/daisytoolchain/bin/../lib/gcc/arm-none-eabi/10.2.1/thumb/v7e-m+dp/hard/crtbegin.o
LOAD c:/program files/daisytoolchain/bin/../lib/gcc/arm-none-eabi/10.2.1/../../../../arm-none-eabi/lib/thumb/v7e-m+dp/hard/crt0.o
LOAD build/startup_stm32h750xx.o
LOAD build/freq-fiche.o
LOAD ../../libDaisy//build\libdaisy.a
LOAD c:/program files/daisytoolchain/bin/../lib/gcc/arm-none-eabi/10.2.1/../../../../arm-none-eabi/lib/thumb/v7e-m+dp/hard\libnosys.a
LOAD ../../DaisySP//build\libdaisysp.a
LOAD c:/program files/daisytoolchain/bin/../lib/gcc/arm-none-eabi/10.2.1/../../../../arm-none-eabi/lib/thumb/v7e-m+dp/hard\libstdc++_nano.a
LOAD c:/program files/daisytoolchain/bin/../lib/gcc/arm-none-eabi/10.2.1/../../../../arm-none-eabi/lib/thumb/v7e-m+dp/hard\libm.a
LOAD c:/program files/daisytoolchain/bin/../lib/gcc/arm-none-eabi/10.2.1/../../../../arm-none-eabi/lib/thumb/v7e-m+dp/hard\libc_nano.a
START GROUP
LOAD c:/program files/daisytoolchain/bin/../lib/gcc/arm-none-eabi/10.2.1/thumb/v7e-m+dp/hard\libgcc.a
LOAD c:/program files/daisytoolchain/bin/../lib/gcc/arm-none-eabi/10.2.1/../../../../arm-none-eabi/lib/thumb/v7e-m+dp/hard\libc_nano.a
END GROUP
START GROUP
LOAD c:/program files/daisytoolchain/bin/../lib/gcc/arm-none-eabi/10.2.1/thumb/v7e-m+dp/hard\libgcc.a
LOAD c:/program files/daisytoolchain/bin/../lib/gcc/arm-none-eabi/10.2.1/../../../../arm-none-eabi/lib/thumb/v7e-m+dp/hard\libc_nano.a
LOAD c:/program files/daisytoolchain/bin/../lib/gcc/arm-none-eabi/10.2.1/../../../../arm-none-eabi/lib/thumb/v7e-m+dp/hard\libnosys.a
END GROUP
START GROUP
LOAD c:/program files/daisytoolchain/bin/../lib/gcc/arm-none-eabi/10.2.1/thumb/v7e-m+dp/hard\libgcc.a
LOAD c:/program files/daisytoolchain/bin/../lib/gcc/arm-none-eabi/10.2.1/../../../../arm-none-eabi/lib/thumb/v7e-m+dp/hard\libc_nano.a
LOAD c:/program files/daisytoolchain/bin/../lib/gcc/arm-none-eabi/10.2.1/../../../../arm-none-eabi/lib/thumb/v7e-m+dp/hard\libnosys.a
END GROUP
LOAD c:/program files/daisytoolchain/bin/../lib/gcc/arm-none-eabi/10.2.1/thumb/v7e-m+dp/hard/crtend.o
LOAD c:/program files/daisytoolchain/bin/../lib/gcc/arm-none-eabi/10.2.1/thumb/v7e-m+dp/hard/crtn.o
                0x20020000                _estack = 0x20020000

.isr_vector     0x08000000      0x298
                0x08000000                . = ALIGN (0x4)
 *(.isr_vector)
 .isr_vector    0x08000000      0x298 build/startup_stm32h750xx.o
                0x08000000                g_pfnVectors
                0x08000298                . = ALIGN (0x4)

.text           0x08000298    0x10a4c
                0x08000298                . = ALIGN (0x4)
                0x08000298                _stext = .
 *(.text)
 .text          0x08000298       0x40 c:/program files/daisytoolchain/bin/../lib/gcc/arm-none-eabi/10.2.1/thumb/v7e-m+dp/hard/crtbegin.o
 .text          0x080002d8       0x30 c:/program files/daisytoolchain/bin/../lib/gcc/arm-none-eabi/10.2.1/thumb/v7e-m+dp/hard\libgcc.a(_aeabi_uldivmod.o)
                0x080002d8                __aeabi_uldivmod
 .text          0x08000308      0x2d0 c:/program files/daisytoolchain/bin/../lib/gcc/arm-none-eabi/10.2.1/thumb/v7e-m+dp/hard\libgcc.a(_udivmoddi4.o)
                0x08000308                __udivmoddi4
 .text          0x080005d8        0x4 c:/program files/daisytoolchain/bin/../lib/gcc/arm-none-eabi/10.2.1/thumb/v7e-m+dp/hard\libgcc.a(_dvmd_tls.o)
                0x080005d8                __aeabi_idiv0
                0x080005d8                __aeabi_ldiv0
 *(.text*)
 .text.Default_Handler
                0x080005dc        0x4 build/startup_stm32h750xx.o
                0x080005dc                RTC_Alarm_IRQHandler
                0x080005dc                HASH_RNG_IRQHandler
                0x080005dc                EXTI2_IRQHandler
                0x080005dc                TIM8_CC_IRQHandler
                0x080005dc                HRTIM1_Master_IRQHandler
                0x080005dc                DebugMon_Handler
                0x080005dc                TIM1_CC_IRQHandler
                0x080005dc                BDMA_Channel6_IRQHandler
                0x080005dc                DMA2_Stream5_IRQHandler
                0x080005dc                HRTIM1_FLT_IRQHandler
                0x080005dc                JPEG_IRQHandler
                0x080005dc                BDMA_Channel1_IRQHandler
                0x080005dc                HRTIM1_TIMD_IRQHandler
                0x080005dc                TAMP_STAMP_IRQHandler
                0x080005dc                PendSV_Handler
                0x080005dc                NMI_Handler
                0x080005dc                EXTI3_IRQHandler
                0x080005dc                LPTIM4_IRQHandler
                0x080005dc                TIM8_TRG_COM_TIM14_IRQHandler
                0x080005dc                LPTIM2_IRQHandler
                0x080005dc                DFSDM1_FLT1_IRQHandler
                0x080005dc                DMAMUX2_OVR_IRQHandler
                0x080005dc                TIM8_UP_TIM13_IRQHandler
                0x080005dc                I2C3_ER_IRQHandler
                0x080005dc                DFSDM1_FLT2_IRQHandler
                0x080005dc                MDMA_IRQHandler
                0x080005dc                LPTIM3_IRQHandler
                0x080005dc                HSEM1_IRQHandler
                0x080005dc                EXTI0_IRQHandler
                0x080005dc                FPU_IRQHandler
                0x080005dc                OTG_HS_WKUP_IRQHandler
                0x080005dc                FDCAN1_IT1_IRQHandler
                0x080005dc                UsageFault_Handler
                0x080005dc                LTDC_ER_IRQHandler
                0x080005dc                HRTIM1_TIME_IRQHandler
                0x080005dc                TIM6_DAC_IRQHandler
                0x080005dc                DCMI_IRQHandler
                0x080005dc                HRTIM1_TIMC_IRQHandler
                0x080005dc                SAI2_IRQHandler
                0x080005dc                DFSDM1_FLT3_IRQHandler
                0x080005dc                TIM17_IRQHandler
                0x080005dc                CRYP_IRQHandler
                0x080005dc                BDMA_Channel7_IRQHandler
                0x080005dc                LPTIM5_IRQHandler
                0x080005dc                ADC3_IRQHandler
                0x080005dc                DMA2_Stream0_IRQHandler
                0x080005dc                BDMA_Channel2_IRQHandler
                0x080005dc                DMAMUX1_OVR_IRQHandler
                0x080005dc                TIM16_IRQHandler
                0x080005dc                BDMA_Channel5_IRQHandler
                0x080005dc                RCC_IRQHandler
                0x080005dc                TIM8_BRK_TIM12_IRQHandler
                0x080005dc                TIM1_TRG_COM_IRQHandler
                0x080005dc                Default_Handler
                0x080005dc                ECC_IRQHandler
                0x080005dc                CEC_IRQHandler
                0x080005dc                EXTI15_10_IRQHandler
                0x080005dc                BDMA_Channel0_IRQHandler
                0x080005dc                ADC_IRQHandler
                0x080005dc                DMA1_Stream7_IRQHandler
                0x080005dc                HRTIM1_TIMA_IRQHandler
                0x080005dc                TIM7_IRQHandler
                0x080005dc                SDMMC1_IRQHandler
                0x080005dc                DMA2_Stream7_IRQHandler
                0x080005dc                TIM15_IRQHandler
                0x080005dc                PVD_AVD_IRQHandler
                0x080005dc                EXTI9_5_IRQHandler
                0x080005dc                RTC_WKUP_IRQHandler
                0x080005dc                LTDC_IRQHandler
                0x080005dc                SAI3_IRQHandler
                0x080005dc                ETH_WKUP_IRQHandler
                0x080005dc                SPDIF_RX_IRQHandler
                0x080005dc                MemManage_Handler
                0x080005dc                SVC_Handler
                0x080005dc                CRS_IRQHandler
                0x080005dc                EXTI4_IRQHandler
                0x080005dc                HRTIM1_TIMB_IRQHandler
                0x080005dc                FDCAN2_IT1_IRQHandler
                0x080005dc                ETH_IRQHandler
                0x080005dc                TIM1_UP_IRQHandler
                0x080005dc                BDMA_Channel4_IRQHandler
                0x080005dc                WWDG_IRQHandler
                0x080005dc                SPI6_IRQHandler
                0x080005dc                I2C4_EV_IRQHandler
                0x080005dc                MDIOS_IRQHandler
                0x080005dc                FDCAN2_IT0_IRQHandler
                0x080005dc                FDCAN1_IT0_IRQHandler
                0x080005dc                OTG_FS_WKUP_IRQHandler
                0x080005dc                DMA2D_IRQHandler
                0x080005dc                TIM1_BRK_IRQHandler
                0x080005dc                EXTI1_IRQHandler
                0x080005dc                SDMMC2_IRQHandler
                0x080005dc                OTG_FS_EP1_OUT_IRQHandler
                0x080005dc                BDMA_Channel3_IRQHandler
                0x080005dc                MDIOS_WKUP_IRQHandler
                0x080005dc                DFSDM1_FLT0_IRQHandler
                0x080005dc                SAI4_IRQHandler
                0x080005dc                I2C2_ER_IRQHandler
                0x080005dc                DMA2_Stream1_IRQHandler
                0x080005dc                FLASH_IRQHandler
                0x080005dc                BusFault_Handler
                0x080005dc                OTG_FS_IRQHandler
                0x080005dc                WAKEUP_PIN_IRQHandler
                0x080005dc                OTG_FS_EP1_IN_IRQHandler
                0x080005dc                I2C1_ER_IRQHandler
                0x080005dc                FMC_IRQHandler
                0x080005dc                FDCAN_CAL_IRQHandler
                0x080005dc                SWPMI1_IRQHandler
                0x080005dc                COMP1_IRQHandler
                0x080005dc                LPTIM1_IRQHandler
                0x080005dc                I2C4_ER_IRQHandler
                0x080005dc                DMA2_Stream6_IRQHandler
                0x080005dc                SAI1_IRQHandler
 .text.Reset_Handler
                0x080005e0       0x44 build/startup_stm32h750xx.o
                0x080005e0                Reset_Handler
 .text._ZN5daisy9DaisySeedD2Ev
                0x08000624        0x4 build/freq-fiche.o
                0x08000624                daisy::DaisySeed::~DaisySeed()
                0x08000624                daisy::DaisySeed::~DaisySeed()
 .text._ZN7daisysp9DelayLineIfLj48000EED2Ev
                0x08000628        0x4 build/freq-fiche.o
                0x08000628                daisysp::DelayLine<float, 48000u>::~DelayLine()
                0x08000628                daisysp::DelayLine<float, 48000u>::~DelayLine()
 .text._Z7initADCv
                0x0800062c       0x60 build/freq-fiche.o
                0x0800062c                initADC()
 .text.startup.main
                0x0800068c       0x68 build/freq-fiche.o
                0x0800068c                main
 .text._Z7procADCv
                0x080006f4       0x8c build/freq-fiche.o
                0x080006f4                procADC()
 .text._ZL13AudioCallbackPKPKfPPfj
                0x08000780      0x19c build/freq-fiche.o
 .text.startup._GLOBAL__sub_I_mix
                0x0800091c       0x48 build/freq-fiche.o
 .text._ZN5daisy9DaisySeed9ConfigureEv
                0x08000964        0x4 ../../libDaisy//build\libdaisy.a(daisy_seed.o)
                0x08000964                daisy::DaisySeed::Configure()
 .text._ZN5daisy9DaisySeed10StartAudioEPFvPKPKfPPfjE
                0x08000968        0x8 ../../libDaisy//build\libdaisy.a(daisy_seed.o)
                0x08000968                daisy::DaisySeed::StartAudio(void (*)(float const* const*, float**, unsigned int))
 .text._ZN5daisy9DaisySeed17SetAudioBlockSizeEj
                0x08000970       0x38 ../../libDaisy//build\libdaisy.a(daisy_seed.o)
                0x08000970                daisy::DaisySeed::SetAudioBlockSize(unsigned int)
 .text._ZN5daisy9DaisySeed17CheckBoardVersionEv
                0x080009a8       0x6c ../../libDaisy//build\libdaisy.a(daisy_seed.o)
                0x080009a8                daisy::DaisySeed::CheckBoardVersion()
 .text._ZN5daisy9DaisySeed14ConfigureAudioEv
                0x08000a14      0x10c ../../libDaisy//build\libdaisy.a(daisy_seed.o)
                0x08000a14                daisy::DaisySeed::ConfigureAudio()
 .text._ZN5daisy9DaisySeed4InitEb
                0x08000b20      0x108 ../../libDaisy//build\libdaisy.a(daisy_seed.o)
                0x08000b20                daisy::DaisySeed::Init(bool)
 .text._ZN5daisy6Ak45564InitE12dsy_gpio_pin
                0x08000c28       0x44 ../../libDaisy//build\libdaisy.a(codec_ak4556.o)
                0x08000c28                daisy::Ak4556::Init(dsy_gpio_pin)
 .text._ZN5daisy6Wm873120WriteControlRegisterEht
                0x08000c6c       0x3c ../../libDaisy//build\libdaisy.a(codec_wm8731.o)
                0x08000c6c                daisy::Wm8731::WriteControlRegister(unsigned char, unsigned short)
 .text._ZN5daisy6Wm87314InitERKNS0_6ConfigENS_9I2CHandleE
                0x08000ca8      0x1bc ../../libDaisy//build\libdaisy.a(codec_wm8731.o)
                0x08000ca8                daisy::Wm8731::Init(daisy::Wm8731::Config const&, daisy::I2CHandle)
 .text._ZN11SdramHandle10DeviceInitEv
                0x08000e64       0x98 ../../libDaisy//build\libdaisy.a(sdram.o)
                0x08000e64                SdramHandle::DeviceInit()
 .text._ZN11SdramHandle4InitEv
                0x08000efc       0x7c ../../libDaisy//build\libdaisy.a(sdram.o)
                0x08000efc                SdramHandle::Init()
 .text.HAL_SDRAM_MspInit
                0x08000f78      0x1a8 ../../libDaisy//build\libdaisy.a(sdram.o)
                0x08000f78                HAL_SDRAM_MspInit
 .text._ZN5daisy11AudioHandle4Impl16InternalCallbackEPlS2_j
                0x08001120      0xbbc ../../libDaisy//build\libdaisy.a(audio.o)
                0x08001120                daisy::AudioHandle::Impl::InternalCallback(long*, long*, unsigned int)
 .text._ZN5daisy11AudioHandle4InitERKNS0_6ConfigENS_9SaiHandleE
                0x08001cdc       0x70 ../../libDaisy//build\libdaisy.a(audio.o)
                0x08001cdc                daisy::AudioHandle::Init(daisy::AudioHandle::Config const&, daisy::SaiHandle)
 .text._ZNK5daisy11AudioHandle9GetConfigEv
                0x08001d4c        0x8 ../../libDaisy//build\libdaisy.a(audio.o)
                0x08001d4c                daisy::AudioHandle::GetConfig() const
 .text._ZN5daisy11AudioHandle12SetBlockSizeEj
                0x08001d54       0x1c ../../libDaisy//build\libdaisy.a(audio.o)
                0x08001d54                daisy::AudioHandle::SetBlockSize(unsigned int)
 .text._ZN5daisy11AudioHandle13GetSampleRateEv
                0x08001d70        0x8 ../../libDaisy//build\libdaisy.a(audio.o)
                0x08001d70                daisy::AudioHandle::GetSampleRate()
 .text._ZN5daisy11AudioHandle5StartEPFvPKPKfPPfjE
                0x08001d78       0x44 ../../libDaisy//build\libdaisy.a(audio.o)
                0x08001d78                daisy::AudioHandle::Start(void (*)(float const* const*, float**, unsigned int))
 .text.startup._GLOBAL__sub_I__ZN5daisy11AudioHandle4Impl4InitENS0_6ConfigENS_9SaiHandleE
                0x08001dbc       0x24 ../../libDaisy//build\libdaisy.a(audio.o)
 .text._ZN5daisy16AdcChannelConfig10InitSingleE12dsy_gpio_pinNS0_15ConversionSpeedE
                0x08001de0       0x28 ../../libDaisy//build\libdaisy.a(adc.o)
                0x08001de0                daisy::AdcChannelConfig::InitSingle(dsy_gpio_pin, daisy::AdcChannelConfig::ConversionSpeed)
 .text._ZN5daisy9AdcHandle4InitEPNS_16AdcChannelConfigEjNS0_12OverSamplingE
                0x08001e08      0x41c ../../libDaisy//build\libdaisy.a(adc.o)
                0x08001e08                daisy::AdcHandle::Init(daisy::AdcChannelConfig*, unsigned int, daisy::AdcHandle::OverSampling)
 .text._ZN5daisy9AdcHandle5StartEv
                0x08002224       0x2c ../../libDaisy//build\libdaisy.a(adc.o)
                0x08002224                daisy::AdcHandle::Start()
 .text._ZNK5daisy9AdcHandle8GetFloatEh
                0x08002250       0x20 ../../libDaisy//build\libdaisy.a(adc.o)
                0x08002250                daisy::AdcHandle::GetFloat(unsigned char) const
 .text.HAL_ADC_MspInit
                0x08002270       0x98 ../../libDaisy//build\libdaisy.a(adc.o)
                0x08002270                HAL_ADC_MspInit
 .text.DMA1_Stream2_IRQHandler
                0x08002308        0xc ../../libDaisy//build\libdaisy.a(adc.o)
                0x08002308                DMA1_Stream2_IRQHandler
 .text.HAL_ADC_ConvCpltCallback
                0x08002314      0x148 ../../libDaisy//build\libdaisy.a(adc.o)
                0x08002314                HAL_ADC_ConvCpltCallback
 .text.HAL_ADC_ErrorCallback
                0x0800245c        0x4 ../../libDaisy//build\libdaisy.a(adc.o)
                0x0800245c                HAL_ADC_ErrorCallback
 .text._ZN5daisy4GPIO4InitENS_3PinENS0_4ModeENS0_4PullENS0_5SpeedE
                0x08002460      0x1cc ../../libDaisy//build\libdaisy.a(gpio.o)
                0x08002460                daisy::GPIO::Init(daisy::Pin, daisy::GPIO::Mode, daisy::GPIO::Pull, daisy::GPIO::Speed)
 .text._ZN5daisy4GPIO4ReadEv
                0x0800262c       0x18 ../../libDaisy//build\libdaisy.a(gpio.o)
                0x0800262c                daisy::GPIO::Read()
 .text._ZN5daisy4GPIO5WriteEb
                0x08002644       0x14 ../../libDaisy//build\libdaisy.a(gpio.o)
                0x08002644                daisy::GPIO::Write(bool)
 .text.dsy_gpio_init
                0x08002658      0x1b8 ../../libDaisy//build\libdaisy.a(gpio.o)
                0x08002658                dsy_gpio_init
 .text.dsy_gpio_write
                0x08002810       0x24 ../../libDaisy//build\libdaisy.a(gpio.o)
                0x08002810                dsy_gpio_write
 .text._ZN5daisy9I2CHandle4Impl8InitPinsEv
                0x08002834       0x58 ../../libDaisy//build\libdaisy.a(i2c.o)
                0x08002834                daisy::I2CHandle::Impl::InitPins()
 .text.HAL_I2C_MspInit
                0x0800288c      0x1b4 ../../libDaisy//build\libdaisy.a(i2c.o)
                0x0800288c                HAL_I2C_MspInit
 .text.dsy_i2c_global_init
                0x08002a40       0x78 ../../libDaisy//build\libdaisy.a(i2c.o)
                0x08002a40                dsy_i2c_global_init
 .text.DMA1_Stream6_IRQHandler
                0x08002ab8       0x34 ../../libDaisy//build\libdaisy.a(i2c.o)
                0x08002ab8                DMA1_Stream6_IRQHandler
 .text.I2C1_EV_IRQHandler
                0x08002aec        0xc ../../libDaisy//build\libdaisy.a(i2c.o)
                0x08002aec                I2C1_EV_IRQHandler
 .text.I2C2_EV_IRQHandler
                0x08002af8        0xc ../../libDaisy//build\libdaisy.a(i2c.o)
                0x08002af8                I2C2_EV_IRQHandler
 .text.I2C3_EV_IRQHandler
                0x08002b04        0xc ../../libDaisy//build\libdaisy.a(i2c.o)
                0x08002b04                I2C3_EV_IRQHandler
 .text._ZN5daisy9I2CHandle4InitERKNS0_6ConfigE
                0x08002b10      0x12c ../../libDaisy//build\libdaisy.a(i2c.o)
                0x08002b10                daisy::I2CHandle::Init(daisy::I2CHandle::Config const&)
 .text._ZN5daisy9I2CHandle16TransmitBlockingEtPhtm
                0x08002c3c       0x50 ../../libDaisy//build\libdaisy.a(i2c.o)
                0x08002c3c                daisy::I2CHandle::TransmitBlocking(unsigned short, unsigned char*, unsigned short, unsigned long)
 .text.startup._GLOBAL__sub_I__ZN5daisy9I2CHandle4Impl10GlobalInitEv
                0x08002c8c       0x18 ../../libDaisy//build\libdaisy.a(i2c.o)
 .text._ZN5daisy10QSPIHandle4Impl11WriteEnableEv
                0x08002ca4       0x8c ../../libDaisy//build\libdaisy.a(qspi.o)
                0x08002ca4                daisy::QSPIHandle::Impl::WriteEnable()
 .text._ZN5daisy10QSPIHandle4Impl17DummyCyclesConfigENS0_6Config6DeviceE
                0x08002d30      0x118 ../../libDaisy//build\libdaisy.a(qspi.o)
                0x08002d30                daisy::QSPIHandle::Impl::DummyCyclesConfig(daisy::QSPIHandle::Config::Device)
 .text._ZN5daisy10QSPIHandle4Impl10QuadEnableEv
                0x08002e48      0x158 ../../libDaisy//build\libdaisy.a(qspi.o)
                0x08002e48                daisy::QSPIHandle::Impl::QuadEnable()
 .text._ZN5daisy10QSPIHandle4InitERKNS0_6ConfigE
                0x08002fa0      0x198 ../../libDaisy//build\libdaisy.a(qspi.o)
                0x08002fa0                daisy::QSPIHandle::Init(daisy::QSPIHandle::Config const&)
 .text.HAL_QSPI_MspInit
                0x08003138      0x11c ../../libDaisy//build\libdaisy.a(qspi.o)
                0x08003138                HAL_QSPI_MspInit
 .text.HAL_QSPI_MspDeInit
                0x08003254       0x54 ../../libDaisy//build\libdaisy.a(qspi.o)
                0x08003254                HAL_QSPI_MspDeInit
 .text.QUADSPI_IRQHandler
                0x080032a8        0xc ../../libDaisy//build\libdaisy.a(qspi.o)
                0x080032a8                QUADSPI_IRQHandler
 .text.startup._GLOBAL__sub_I__ZN5daisy10QSPIHandle4Impl4InitERKNS0_6ConfigE
                0x080032b4       0x28 ../../libDaisy//build\libdaisy.a(qspi.o)
 .text._ZN5daisy9SaiHandle4Impl7InitDmaENS1_15PeripheralBlockE
                0x080032dc       0xa0 ../../libDaisy//build\libdaisy.a(sai.o)
                0x080032dc                daisy::SaiHandle::Impl::InitDma(daisy::SaiHandle::Impl::PeripheralBlock)
 .text._ZN5daisy9SaiHandle4Impl8InitPinsEv
                0x0800337c       0xa8 ../../libDaisy//build\libdaisy.a(sai.o)
                0x0800337c                daisy::SaiHandle::Impl::InitPins()
 .text.HAL_SAI_MspInit
                0x08003424      0x164 ../../libDaisy//build\libdaisy.a(sai.o)
                0x08003424                HAL_SAI_MspInit
 .text.DMA1_Stream0_IRQHandler
                0x08003588        0xc ../../libDaisy//build\libdaisy.a(sai.o)
                0x08003588                DMA1_Stream0_IRQHandler
 .text.DMA1_Stream1_IRQHandler
                0x08003594        0xc ../../libDaisy//build\libdaisy.a(sai.o)
                0x08003594                DMA1_Stream1_IRQHandler
 .text.DMA1_Stream3_IRQHandler
                0x080035a0        0xc ../../libDaisy//build\libdaisy.a(sai.o)
                0x080035a0                DMA1_Stream3_IRQHandler
 .text.DMA1_Stream4_IRQHandler
                0x080035ac        0xc ../../libDaisy//build\libdaisy.a(sai.o)
                0x080035ac                DMA1_Stream4_IRQHandler
 .text.HAL_SAI_RxHalfCpltCallback
                0x080035b8       0x78 ../../libDaisy//build\libdaisy.a(sai.o)
                0x080035b8                HAL_SAI_RxHalfCpltCallback
 .text.HAL_SAI_RxCpltCallback
                0x08003630       0x70 ../../libDaisy//build\libdaisy.a(sai.o)
                0x08003630                HAL_SAI_RxCpltCallback
 .text._ZN5daisy9SaiHandle4InitERKNS0_6ConfigE
                0x080036a0      0x1f0 ../../libDaisy//build\libdaisy.a(sai.o)
                0x080036a0                daisy::SaiHandle::Init(daisy::SaiHandle::Config const&)
 .text._ZNK5daisy9SaiHandle9GetConfigEv
                0x08003890        0x4 ../../libDaisy//build\libdaisy.a(sai.o)
                0x08003890                daisy::SaiHandle::GetConfig() const
 .text._ZN5daisy9SaiHandle8StartDmaEPlS1_jPFvS1_S1_jE
                0x08003894       0xbc ../../libDaisy//build\libdaisy.a(sai.o)
                0x08003894                daisy::SaiHandle::StartDma(long*, long*, unsigned int, void (*)(long*, long*, unsigned int))
 .text._ZN5daisy9SaiHandle13GetSampleRateEv
                0x08003950       0x24 ../../libDaisy//build\libdaisy.a(sai.o)
                0x08003950                daisy::SaiHandle::GetSampleRate()
 .text._ZNK5daisy9SaiHandle9GetOffsetEv
                0x08003974        0x8 ../../libDaisy//build\libdaisy.a(sai.o)
                0x08003974                daisy::SaiHandle::GetOffset() const
 .text._ZN5daisy11TimerHandleD2Ev
                0x0800397c        0x4 ../../libDaisy//build\libdaisy.a(system.o)
                0x0800397c                daisy::TimerHandle::~TimerHandle()
                0x0800397c                daisy::TimerHandle::~TimerHandle()
 .text.SysTick_Handler
                0x08003980       0x10 ../../libDaisy//build\libdaisy.a(system.o)
                0x08003980                SysTick_Handler
 .text.OTG_HS_EP1_OUT_IRQHandler
                0x08003990       0x24 ../../libDaisy//build\libdaisy.a(system.o)
                0x08003990                OTG_HS_EP1_OUT_IRQHandler
 .text.OTG_HS_EP1_IN_IRQHandler
                0x080039b4       0x24 ../../libDaisy//build\libdaisy.a(system.o)
                0x080039b4                OTG_HS_EP1_IN_IRQHandler
 .text.OTG_HS_IRQHandler
                0x080039d8       0x24 ../../libDaisy//build\libdaisy.a(system.o)
                0x080039d8                OTG_HS_IRQHandler
 .text.HardFault_Handler
                0x080039fc       0xe0 ../../libDaisy//build\libdaisy.a(system.o)
                0x080039fc                HardFault_Handler
 .text._ZN5daisy6System5DelayEm
                0x08003adc        0x4 ../../libDaisy//build\libdaisy.a(system.o)
                0x08003adc                daisy::System::Delay(unsigned long)
 .text._ZN5daisy6System20GetBootloaderVersionEv
                0x08003ae0       0x34 ../../libDaisy//build\libdaisy.a(system.o)
                0x08003ae0                daisy::System::GetBootloaderVersion()
 .text._ZN5daisy6System15ConfigureClocksEv
                0x08003b14      0x194 ../../libDaisy//build\libdaisy.a(system.o)
                0x08003b14                daisy::System::ConfigureClocks()
 .text._ZN5daisy6System12ConfigureMpuEv
                0x08003ca8       0x7c ../../libDaisy//build\libdaisy.a(system.o)
                0x08003ca8                daisy::System::ConfigureMpu()
 .text._ZN5daisy6System4InitERKNS0_6ConfigE
                0x08003d24       0xec ../../libDaisy//build\libdaisy.a(system.o)
                0x08003d24                daisy::System::Init(daisy::System::Config const&)
 .text._ZN5daisy6System12GetPClk1FreqEv
                0x08003e10        0x4 ../../libDaisy//build\libdaisy.a(system.o)
                0x08003e10                daisy::System::GetPClk1Freq()
 .text._ZN5daisy6System22GetProgramMemoryRegionEv
                0x08003e14       0x78 ../../libDaisy//build\libdaisy.a(system.o)
                0x08003e14                daisy::System::GetProgramMemoryRegion()
 .text.startup._GLOBAL__sub_I__ZN5daisy9boot_infoE
                0x08003e8c       0x1c ../../libDaisy//build\libdaisy.a(system.o)
 .text.SystemInit
                0x08003ea8       0x9c ../../libDaisy//build\libdaisy.a(system_stm32h7xx.o)
                0x08003ea8                SystemInit
 .text.HAL_PCD_SetupStageCallback
                0x08003f44        0xc ../../libDaisy//build\libdaisy.a(usbd_conf.o)
                0x08003f44                HAL_PCD_SetupStageCallback
 .text.HAL_PCD_DataOutStageCallback
                0x08003f50       0x14 ../../libDaisy//build\libdaisy.a(usbd_conf.o)
                0x08003f50                HAL_PCD_DataOutStageCallback
 .text.HAL_PCD_DataInStageCallback
                0x08003f64       0x14 ../../libDaisy//build\libdaisy.a(usbd_conf.o)
                0x08003f64                HAL_PCD_DataInStageCallback
 .text.HAL_PCD_SOFCallback
                0x08003f78        0x8 ../../libDaisy//build\libdaisy.a(usbd_conf.o)
                0x08003f78                HAL_PCD_SOFCallback
 .text.HAL_PCD_ResetCallback
                0x08003f80       0x24 ../../libDaisy//build\libdaisy.a(usbd_conf.o)
                0x08003f80                HAL_PCD_ResetCallback
 .text.HAL_PCD_SuspendCallback
                0x08003fa4       0x30 ../../libDaisy//build\libdaisy.a(usbd_conf.o)
                0x08003fa4                HAL_PCD_SuspendCallback
 .text.HAL_PCD_ResumeCallback
                0x08003fd4        0x8 ../../libDaisy//build\libdaisy.a(usbd_conf.o)
                0x08003fd4                HAL_PCD_ResumeCallback
 .text.HAL_PCD_ISOOUTIncompleteCallback
                0x08003fdc        0x8 ../../libDaisy//build\libdaisy.a(usbd_conf.o)
                0x08003fdc                HAL_PCD_ISOOUTIncompleteCallback
 .text.HAL_PCD_ISOINIncompleteCallback
                0x08003fe4        0x8 ../../libDaisy//build\libdaisy.a(usbd_conf.o)
                0x08003fe4                HAL_PCD_ISOINIncompleteCallback
 .text.HAL_PCD_ConnectCallback
                0x08003fec        0x8 ../../libDaisy//build\libdaisy.a(usbd_conf.o)
                0x08003fec                HAL_PCD_ConnectCallback
 .text.HAL_PCD_DisconnectCallback
                0x08003ff4        0x8 ../../libDaisy//build\libdaisy.a(usbd_conf.o)
                0x08003ff4                HAL_PCD_DisconnectCallback
 .text.USBD_LL_OpenEP
                0x08003ffc       0x24 ../../libDaisy//build\libdaisy.a(usbd_conf.o)
                0x08003ffc                USBD_LL_OpenEP
 .text.USBD_LL_StallEP
                0x08004020       0x1c ../../libDaisy//build\libdaisy.a(usbd_conf.o)
                0x08004020                USBD_LL_StallEP
 .text.USBD_LL_ClearStallEP
                0x0800403c       0x1c ../../libDaisy//build\libdaisy.a(usbd_conf.o)
                0x0800403c                USBD_LL_ClearStallEP
 .text.USBD_LL_IsStallEP
                0x08004058       0x28 ../../libDaisy//build\libdaisy.a(usbd_conf.o)
                0x08004058                USBD_LL_IsStallEP
 .text.USBD_LL_SetUSBAddress
                0x08004080       0x1c ../../libDaisy//build\libdaisy.a(usbd_conf.o)
                0x08004080                USBD_LL_SetUSBAddress
 .text.USBD_LL_Transmit
                0x0800409c       0x1c ../../libDaisy//build\libdaisy.a(usbd_conf.o)
                0x0800409c                USBD_LL_Transmit
 .text.USBD_LL_PrepareReceive
                0x080040b8       0x1c ../../libDaisy//build\libdaisy.a(usbd_conf.o)
                0x080040b8                USBD_LL_PrepareReceive
 .text.HAL_HCD_SOF_Callback
                0x080040d4        0x8 ../../libDaisy//build\libdaisy.a(usbh_conf.o)
                0x080040d4                HAL_HCD_SOF_Callback
 .text.HAL_HCD_Connect_Callback
                0x080040dc        0x8 ../../libDaisy//build\libdaisy.a(usbh_conf.o)
                0x080040dc                HAL_HCD_Connect_Callback
 .text.HAL_HCD_Disconnect_Callback
                0x080040e4        0x8 ../../libDaisy//build\libdaisy.a(usbh_conf.o)
                0x080040e4                HAL_HCD_Disconnect_Callback
 .text.HAL_HCD_HC_NotifyURBChange_Callback
                0x080040ec        0x4 ../../libDaisy//build\libdaisy.a(usbh_conf.o)
                0x080040ec                HAL_HCD_HC_NotifyURBChange_Callback
 .text.HAL_HCD_PortEnabled_Callback
                0x080040f0        0x8 ../../libDaisy//build\libdaisy.a(usbh_conf.o)
                0x080040f0                HAL_HCD_PortEnabled_Callback
 .text.HAL_HCD_PortDisabled_Callback
                0x080040f8        0x8 ../../libDaisy//build\libdaisy.a(usbh_conf.o)
                0x080040f8                HAL_HCD_PortDisabled_Callback
 .text.USBH_LL_Stop
                0x08004100       0x1c ../../libDaisy//build\libdaisy.a(usbh_conf.o)
                0x08004100                USBH_LL_Stop
 .text.dsy_hal_map_get_port
                0x0800411c       0x10 ../../libDaisy//build\libdaisy.a(hal_map.o)
                0x0800411c                dsy_hal_map_get_port
 .text.dsy_hal_map_get_pin
                0x0800412c       0x10 ../../libDaisy//build\libdaisy.a(hal_map.o)
                0x0800412c                dsy_hal_map_get_pin
 .text.dsy_hal_map_gpio_clk_enable
                0x0800413c      0x150 ../../libDaisy//build\libdaisy.a(hal_map.o)
                0x0800413c                dsy_hal_map_gpio_clk_enable
 .text.HAL_MspInit
                0x0800428c        0x4 ../../libDaisy//build\libdaisy.a(stm32h7xx_hal.o)
                0x0800428c                HAL_MspInit
 .text.HAL_InitTick
                0x08004290       0x4c ../../libDaisy//build\libdaisy.a(stm32h7xx_hal.o)
                0x08004290                HAL_InitTick
 .text.HAL_Init
                0x080042dc       0x60 ../../libDaisy//build\libdaisy.a(stm32h7xx_hal.o)
                0x080042dc                HAL_Init
 .text.HAL_IncTick
                0x0800433c       0x18 ../../libDaisy//build\libdaisy.a(stm32h7xx_hal.o)
                0x0800433c                HAL_IncTick
 .text.HAL_GetTick
                0x08004354        0xc ../../libDaisy//build\libdaisy.a(stm32h7xx_hal.o)
                0x08004354                HAL_GetTick
 .text.HAL_Delay
                0x08004360       0x24 ../../libDaisy//build\libdaisy.a(stm32h7xx_hal.o)
                0x08004360                HAL_Delay
 .text.HAL_GetREVID
                0x08004384        0xc ../../libDaisy//build\libdaisy.a(stm32h7xx_hal.o)
                0x08004384                HAL_GetREVID
 .text.HAL_ADC_ConvHalfCpltCallback
                0x08004390        0x4 ../../libDaisy//build\libdaisy.a(stm32h7xx_hal_adc.o)
                0x08004390                HAL_ADC_ConvHalfCpltCallback
 .text.ADC_DMAHalfConvCplt
                0x08004394        0xc ../../libDaisy//build\libdaisy.a(stm32h7xx_hal_adc.o)
                0x08004394                ADC_DMAHalfConvCplt
 .text.ADC_DMAConvCplt
                0x080043a0       0x6c ../../libDaisy//build\libdaisy.a(stm32h7xx_hal_adc.o)
                0x080043a0                ADC_DMAConvCplt
 .text.ADC_DMAError
                0x0800440c       0x1c ../../libDaisy//build\libdaisy.a(stm32h7xx_hal_adc.o)
                0x0800440c                ADC_DMAError
 .text.HAL_ADC_ConfigChannel
                0x08004428      0x3fc ../../libDaisy//build\libdaisy.a(stm32h7xx_hal_adc.o)
                0x08004428                HAL_ADC_ConfigChannel
 .text.ADC_Enable
                0x08004824       0xac ../../libDaisy//build\libdaisy.a(stm32h7xx_hal_adc.o)
                0x08004824                ADC_Enable
 .text.HAL_ADC_Start_DMA
                0x080048d0      0x114 ../../libDaisy//build\libdaisy.a(stm32h7xx_hal_adc.o)
                0x080048d0                HAL_ADC_Start_DMA
 .text.ADC_Disable
                0x080049e4       0x68 ../../libDaisy//build\libdaisy.a(stm32h7xx_hal_adc.o)
                0x080049e4                ADC_Disable
 .text.ADC_ConfigureBoostMode
                0x08004a4c      0x184 ../../libDaisy//build\libdaisy.a(stm32h7xx_hal_adc.o)
                0x08004a4c                ADC_ConfigureBoostMode
 .text.HAL_ADC_Init
                0x08004bd0      0x218 ../../libDaisy//build\libdaisy.a(stm32h7xx_hal_adc.o)
                0x08004bd0                HAL_ADC_Init
 .text.HAL_ADCEx_Calibration_Start
                0x08004de8       0xa4 ../../libDaisy//build\libdaisy.a(stm32h7xx_hal_adc_ex.o)
                0x08004de8                HAL_ADCEx_Calibration_Start
 .text.HAL_ADCEx_MultiModeConfigChannel
                0x08004e8c       0xc4 ../../libDaisy//build\libdaisy.a(stm32h7xx_hal_adc_ex.o)
                0x08004e8c                HAL_ADCEx_MultiModeConfigChannel
 .text.HAL_NVIC_SetPriorityGrouping
                0x08004f50       0x24 ../../libDaisy//build\libdaisy.a(stm32h7xx_hal_cortex.o)
                0x08004f50                HAL_NVIC_SetPriorityGrouping
 .text.HAL_NVIC_SetPriority
                0x08004f74       0x7c ../../libDaisy//build\libdaisy.a(stm32h7xx_hal_cortex.o)
                0x08004f74                HAL_NVIC_SetPriority
 .text.HAL_NVIC_EnableIRQ
                0x08004ff0       0x1c ../../libDaisy//build\libdaisy.a(stm32h7xx_hal_cortex.o)
                0x08004ff0                HAL_NVIC_EnableIRQ
 .text.HAL_NVIC_DisableIRQ
                0x0800500c       0x28 ../../libDaisy//build\libdaisy.a(stm32h7xx_hal_cortex.o)
                0x0800500c                HAL_NVIC_DisableIRQ
 .text.HAL_SYSTICK_Config
                0x08005034       0x2c ../../libDaisy//build\libdaisy.a(stm32h7xx_hal_cortex.o)
                0x08005034                HAL_SYSTICK_Config
 .text.HAL_MPU_Disable
                0x08005060       0x1c ../../libDaisy//build\libdaisy.a(stm32h7xx_hal_cortex.o)
                0x08005060                HAL_MPU_Disable
 .text.HAL_MPU_Enable
                0x0800507c       0x20 ../../libDaisy//build\libdaisy.a(stm32h7xx_hal_cortex.o)
                0x0800507c                HAL_MPU_Enable
 .text.HAL_MPU_ConfigRegion
                0x0800509c       0x64 ../../libDaisy//build\libdaisy.a(stm32h7xx_hal_cortex.o)
                0x0800509c                HAL_MPU_ConfigRegion
 .text.HAL_SYSTICK_Callback
                0x08005100        0x4 ../../libDaisy//build\libdaisy.a(stm32h7xx_hal_cortex.o)
                0x08005100                HAL_SYSTICK_Callback
 .text.HAL_SYSTICK_IRQHandler
                0x08005104        0x8 ../../libDaisy//build\libdaisy.a(stm32h7xx_hal_cortex.o)
                0x08005104                HAL_SYSTICK_IRQHandler
 .text.DMA_CalcBaseAndBitshift
                0x0800510c       0xf4 ../../libDaisy//build\libdaisy.a(stm32h7xx_hal_dma.o)
 .text.DMA_CalcDMAMUXChannelBaseAndMask
                0x08005200       0xd8 ../../libDaisy//build\libdaisy.a(stm32h7xx_hal_dma.o)
 .text.HAL_DMA_Init
                0x080052d8      0x37c ../../libDaisy//build\libdaisy.a(stm32h7xx_hal_dma.o)
                0x080052d8                HAL_DMA_Init
 .text.HAL_DMA_Start_IT
                0x08005654      0x240 ../../libDaisy//build\libdaisy.a(stm32h7xx_hal_dma.o)
                0x08005654                HAL_DMA_Start_IT
 .text.HAL_DMA_Abort_IT
                0x08005894      0x134 ../../libDaisy//build\libdaisy.a(stm32h7xx_hal_dma.o)
                0x08005894                HAL_DMA_Abort_IT
 .text.HAL_DMA_IRQHandler
                0x080059c8      0x6a0 ../../libDaisy//build\libdaisy.a(stm32h7xx_hal_dma.o)
                0x080059c8                HAL_DMA_IRQHandler
 .text.HAL_DMA_GetError
                0x08006068        0x4 ../../libDaisy//build\libdaisy.a(stm32h7xx_hal_dma.o)
                0x08006068                HAL_DMA_GetError
 .text.HAL_GPIO_Init
                0x0800606c      0x280 ../../libDaisy//build\libdaisy.a(stm32h7xx_hal_gpio.o)
                0x0800606c                HAL_GPIO_Init
 .text.HAL_GPIO_DeInit
                0x080062ec      0x190 ../../libDaisy//build\libdaisy.a(stm32h7xx_hal_gpio.o)
                0x080062ec                HAL_GPIO_DeInit
 .text.HAL_GPIO_ReadPin
                0x0800647c        0xc ../../libDaisy//build\libdaisy.a(stm32h7xx_hal_gpio.o)
                0x0800647c                HAL_GPIO_ReadPin
 .text.HAL_GPIO_WritePin
                0x08006488        0x8 ../../libDaisy//build\libdaisy.a(stm32h7xx_hal_gpio.o)
                0x08006488                HAL_GPIO_WritePin
 .text.HAL_HCD_IRQHandler
                0x08006490      0x780 ../../libDaisy//build\libdaisy.a(stm32h7xx_hal_hcd.o)
                0x08006490                HAL_HCD_IRQHandler
 .text.HAL_HCD_Stop
                0x08006c10       0x28 ../../libDaisy//build\libdaisy.a(stm32h7xx_hal_hcd.o)
                0x08006c10                HAL_HCD_Stop
 .text.I2C_WaitOnTXISFlagUntilTimeout
                0x08006c38       0xb8 ../../libDaisy//build\libdaisy.a(stm32h7xx_hal_i2c.o)
 .text.I2C_WaitOnSTOPFlagUntilTimeout
                0x08006cf0       0xac ../../libDaisy//build\libdaisy.a(stm32h7xx_hal_i2c.o)
 .text.HAL_I2C_Init
                0x08006d9c       0xac ../../libDaisy//build\libdaisy.a(stm32h7xx_hal_i2c.o)
                0x08006d9c                HAL_I2C_Init
 .text.HAL_I2C_Master_Transmit
                0x08006e48      0x1a8 ../../libDaisy//build\libdaisy.a(stm32h7xx_hal_i2c.o)
                0x08006e48                HAL_I2C_Master_Transmit
 .text.HAL_I2C_Slave_Transmit
                0x08006ff0      0x1c8 ../../libDaisy//build\libdaisy.a(stm32h7xx_hal_i2c.o)
                0x08006ff0                HAL_I2C_Slave_Transmit
 .text.HAL_I2C_EV_IRQHandler
                0x080071b8       0x10 ../../libDaisy//build\libdaisy.a(stm32h7xx_hal_i2c.o)
                0x080071b8                HAL_I2C_EV_IRQHandler
 .text.HAL_I2C_GetState
                0x080071c8        0x8 ../../libDaisy//build\libdaisy.a(stm32h7xx_hal_i2c.o)
                0x080071c8                HAL_I2C_GetState
 .text.HAL_I2CEx_ConfigAnalogFilter
                0x080071d0       0x54 ../../libDaisy//build\libdaisy.a(stm32h7xx_hal_i2c_ex.o)
                0x080071d0                HAL_I2CEx_ConfigAnalogFilter
 .text.HAL_I2CEx_ConfigDigitalFilter
                0x08007224       0x58 ../../libDaisy//build\libdaisy.a(stm32h7xx_hal_i2c_ex.o)
                0x08007224                HAL_I2CEx_ConfigDigitalFilter
 .text.HAL_PCD_IRQHandler
                0x0800727c      0x69c ../../libDaisy//build\libdaisy.a(stm32h7xx_hal_pcd.o)
                0x0800727c                HAL_PCD_IRQHandler
 .text.HAL_PCD_SetAddress
                0x08007918       0x2c ../../libDaisy//build\libdaisy.a(stm32h7xx_hal_pcd.o)
                0x08007918                HAL_PCD_SetAddress
 .text.HAL_PCD_EP_Open
                0x08007944       0x7c ../../libDaisy//build\libdaisy.a(stm32h7xx_hal_pcd.o)
                0x08007944                HAL_PCD_EP_Open
 .text.HAL_PCD_EP_Receive
                0x080079c0       0x50 ../../libDaisy//build\libdaisy.a(stm32h7xx_hal_pcd.o)
                0x080079c0                HAL_PCD_EP_Receive
 .text.HAL_PCD_EP_Transmit
                0x08007a10       0x50 ../../libDaisy//build\libdaisy.a(stm32h7xx_hal_pcd.o)
                0x08007a10                HAL_PCD_EP_Transmit
 .text.HAL_PCD_EP_SetStall
                0x08007a60       0x88 ../../libDaisy//build\libdaisy.a(stm32h7xx_hal_pcd.o)
                0x08007a60                HAL_PCD_EP_SetStall
 .text.HAL_PCD_EP_ClrStall
                0x08007ae8       0x78 ../../libDaisy//build\libdaisy.a(stm32h7xx_hal_pcd.o)
                0x08007ae8                HAL_PCD_EP_ClrStall
 .text.HAL_PCDEx_LPM_Callback
                0x08007b60        0x4 ../../libDaisy//build\libdaisy.a(stm32h7xx_hal_pcd_ex.o)
                0x08007b60                HAL_PCDEx_LPM_Callback
 .text.HAL_PWREx_ConfigSupply
                0x08007b64       0x4c ../../libDaisy//build\libdaisy.a(stm32h7xx_hal_pwr_ex.o)
                0x08007b64                HAL_PWREx_ConfigSupply
 .text.HAL_PWREx_EnableUSBVoltageDetector
                0x08007bb0       0x10 ../../libDaisy//build\libdaisy.a(stm32h7xx_hal_pwr_ex.o)
                0x08007bb0                HAL_PWREx_EnableUSBVoltageDetector
 .text.QSPI_Config
                0x08007bc0      0x174 ../../libDaisy//build\libdaisy.a(stm32h7xx_hal_qspi.o)
 .text.HAL_QSPI_Init
                0x08007d34       0xd8 ../../libDaisy//build\libdaisy.a(stm32h7xx_hal_qspi.o)
                0x08007d34                HAL_QSPI_Init
 .text.HAL_QSPI_DeInit
                0x08007e0c       0x3c ../../libDaisy//build\libdaisy.a(stm32h7xx_hal_qspi.o)
                0x08007e0c                HAL_QSPI_DeInit
 .text.HAL_QSPI_Command
                0x08007e48       0xd4 ../../libDaisy//build\libdaisy.a(stm32h7xx_hal_qspi.o)
                0x08007e48                HAL_QSPI_Command
 .text.HAL_QSPI_Transmit
                0x08007f1c       0xfc ../../libDaisy//build\libdaisy.a(stm32h7xx_hal_qspi.o)
                0x08007f1c                HAL_QSPI_Transmit
 .text.HAL_QSPI_Receive
                0x08008018      0x108 ../../libDaisy//build\libdaisy.a(stm32h7xx_hal_qspi.o)
                0x08008018                HAL_QSPI_Receive
 .text.HAL_QSPI_AutoPolling
                0x08008120       0xf0 ../../libDaisy//build\libdaisy.a(stm32h7xx_hal_qspi.o)
                0x08008120                HAL_QSPI_AutoPolling
 .text.HAL_QSPI_MemoryMapped
                0x08008210       0xc0 ../../libDaisy//build\libdaisy.a(stm32h7xx_hal_qspi.o)
                0x08008210                HAL_QSPI_MemoryMapped
 .text.HAL_QSPI_ErrorCallback
                0x080082d0        0x4 ../../libDaisy//build\libdaisy.a(stm32h7xx_hal_qspi.o)
                0x080082d0                HAL_QSPI_ErrorCallback
 .text.QSPI_DMAAbortCplt
                0x080082d4       0x38 ../../libDaisy//build\libdaisy.a(stm32h7xx_hal_qspi.o)
 .text.HAL_QSPI_AbortCpltCallback
                0x0800830c        0x4 ../../libDaisy//build\libdaisy.a(stm32h7xx_hal_qspi.o)
                0x0800830c                HAL_QSPI_AbortCpltCallback
 .text.HAL_QSPI_CmdCpltCallback
                0x08008310        0x4 ../../libDaisy//build\libdaisy.a(stm32h7xx_hal_qspi.o)
                0x08008310                HAL_QSPI_CmdCpltCallback
 .text.HAL_QSPI_RxCpltCallback
                0x08008314        0x4 ../../libDaisy//build\libdaisy.a(stm32h7xx_hal_qspi.o)
                0x08008314                HAL_QSPI_RxCpltCallback
 .text.HAL_QSPI_TxCpltCallback
                0x08008318        0x4 ../../libDaisy//build\libdaisy.a(stm32h7xx_hal_qspi.o)
                0x08008318                HAL_QSPI_TxCpltCallback
 .text.HAL_QSPI_FifoThresholdCallback
                0x0800831c        0x4 ../../libDaisy//build\libdaisy.a(stm32h7xx_hal_qspi.o)
                0x0800831c                HAL_QSPI_FifoThresholdCallback
 .text.HAL_QSPI_StatusMatchCallback
                0x08008320        0x4 ../../libDaisy//build\libdaisy.a(stm32h7xx_hal_qspi.o)
                0x08008320                HAL_QSPI_StatusMatchCallback
 .text.HAL_QSPI_TimeOutCallback
                0x08008324        0x4 ../../libDaisy//build\libdaisy.a(stm32h7xx_hal_qspi.o)
                0x08008324                HAL_QSPI_TimeOutCallback
 .text.HAL_QSPI_IRQHandler
                0x08008328      0x210 ../../libDaisy//build\libdaisy.a(stm32h7xx_hal_qspi.o)
                0x08008328                HAL_QSPI_IRQHandler
 .text.HAL_RCC_OscConfig
                0x08008538      0x51c ../../libDaisy//build\libdaisy.a(stm32h7xx_hal_rcc.o)
                0x08008538                HAL_RCC_OscConfig
 .text.HAL_RCC_GetSysClockFreq
                0x08008a54      0x140 ../../libDaisy//build\libdaisy.a(stm32h7xx_hal_rcc.o)
                0x08008a54                HAL_RCC_GetSysClockFreq
 .text.HAL_RCC_ClockConfig
                0x08008b94      0x234 ../../libDaisy//build\libdaisy.a(stm32h7xx_hal_rcc.o)
                0x08008b94                HAL_RCC_ClockConfig
 .text.HAL_RCC_GetHCLKFreq
                0x08008dc8       0x2c ../../libDaisy//build\libdaisy.a(stm32h7xx_hal_rcc.o)
                0x08008dc8                HAL_RCC_GetHCLKFreq
 .text.HAL_RCC_GetPCLK1Freq
                0x08008df4       0x38 ../../libDaisy//build\libdaisy.a(stm32h7xx_hal_rcc.o)
                0x08008df4                HAL_RCC_GetPCLK1Freq
 .text.HAL_RCC_GetPCLK2Freq
                0x08008e2c       0x38 ../../libDaisy//build\libdaisy.a(stm32h7xx_hal_rcc.o)
                0x08008e2c                HAL_RCC_GetPCLK2Freq
 .text.RCCEx_PLL2_Config
                0x08008e64       0xf4 ../../libDaisy//build\libdaisy.a(stm32h7xx_hal_rcc_ex.o)
 .text.RCCEx_PLL3_Config
                0x08008f58       0xf4 ../../libDaisy//build\libdaisy.a(stm32h7xx_hal_rcc_ex.o)
 .text.HAL_RCCEx_PeriphCLKConfig
                0x0800904c      0xa7c ../../libDaisy//build\libdaisy.a(stm32h7xx_hal_rcc_ex.o)
                0x0800904c                HAL_RCCEx_PeriphCLKConfig
 .text.HAL_RCCEx_GetD3PCLK1Freq
                0x08009ac8       0x24 ../../libDaisy//build\libdaisy.a(stm32h7xx_hal_rcc_ex.o)
                0x08009ac8                HAL_RCCEx_GetD3PCLK1Freq
 .text.HAL_RCCEx_GetPLL2ClockFreq
                0x08009aec      0x17c ../../libDaisy//build\libdaisy.a(stm32h7xx_hal_rcc_ex.o)
                0x08009aec                HAL_RCCEx_GetPLL2ClockFreq
 .text.HAL_RCCEx_GetPLL3ClockFreq
                0x08009c68      0x17c ../../libDaisy//build\libdaisy.a(stm32h7xx_hal_rcc_ex.o)
                0x08009c68                HAL_RCCEx_GetPLL3ClockFreq
 .text.HAL_RCCEx_GetPLL1ClockFreq
                0x08009de4      0x17c ../../libDaisy//build\libdaisy.a(stm32h7xx_hal_rcc_ex.o)
                0x08009de4                HAL_RCCEx_GetPLL1ClockFreq
 .text.HAL_RCCEx_GetPeriphCLKFreq
                0x08009f60      0x198 ../../libDaisy//build\libdaisy.a(stm32h7xx_hal_rcc_ex.o)
                0x08009f60                HAL_RCCEx_GetPeriphCLKFreq
 .text.HAL_RCCEx_GetD1SysClockFreq
                0x0800a0f8       0x2c ../../libDaisy//build\libdaisy.a(stm32h7xx_hal_rcc_ex.o)
                0x0800a0f8                HAL_RCCEx_GetD1SysClockFreq
 .text.HAL_SAI_Init.part.0
                0x0800a124      0x348 ../../libDaisy//build\libdaisy.a(stm32h7xx_hal_sai.o)
 .text.HAL_SAI_InitProtocol
                0x0800a46c      0x178 ../../libDaisy//build\libdaisy.a(stm32h7xx_hal_sai.o)
                0x0800a46c                HAL_SAI_InitProtocol
 .text.HAL_SAI_Transmit_DMA
                0x0800a5e4      0x124 ../../libDaisy//build\libdaisy.a(stm32h7xx_hal_sai.o)
                0x0800a5e4                HAL_SAI_Transmit_DMA
 .text.HAL_SAI_Receive_DMA
                0x0800a708       0xd0 ../../libDaisy//build\libdaisy.a(stm32h7xx_hal_sai.o)
                0x0800a708                HAL_SAI_Receive_DMA
 .text.HAL_SAI_TxCpltCallback
                0x0800a7d8        0x4 ../../libDaisy//build\libdaisy.a(stm32h7xx_hal_sai.o)
                0x0800a7d8                HAL_SAI_TxCpltCallback
 .text.SAI_DMATxCplt
                0x0800a7dc       0x64 ../../libDaisy//build\libdaisy.a(stm32h7xx_hal_sai.o)
 .text.HAL_SAI_TxHalfCpltCallback
                0x0800a840        0x4 ../../libDaisy//build\libdaisy.a(stm32h7xx_hal_sai.o)
                0x0800a840                HAL_SAI_TxHalfCpltCallback
 .text.SAI_DMATxHalfCplt
                0x0800a844        0xc ../../libDaisy//build\libdaisy.a(stm32h7xx_hal_sai.o)
 .text.SAI_DMARxCplt
                0x0800a850       0x64 ../../libDaisy//build\libdaisy.a(stm32h7xx_hal_sai.o)
 .text.SAI_DMARxHalfCplt
                0x0800a8b4        0xc ../../libDaisy//build\libdaisy.a(stm32h7xx_hal_sai.o)
 .text.HAL_SAI_ErrorCallback
                0x0800a8c0        0x4 ../../libDaisy//build\libdaisy.a(stm32h7xx_hal_sai.o)
                0x0800a8c0                HAL_SAI_ErrorCallback
 .text.SAI_DMAError
                0x0800a8c4       0x6c ../../libDaisy//build\libdaisy.a(stm32h7xx_hal_sai.o)
 .text.HAL_SDRAM_Init
                0x0800a930       0x54 ../../libDaisy//build\libdaisy.a(stm32h7xx_hal_sdram.o)
                0x0800a930                HAL_SDRAM_Init
 .text.HAL_SDRAM_SendCommand
                0x0800a984       0x40 ../../libDaisy//build\libdaisy.a(stm32h7xx_hal_sdram.o)
                0x0800a984                HAL_SDRAM_SendCommand
 .text.HAL_SDRAM_ProgramRefreshRate
                0x0800a9c4       0x30 ../../libDaisy//build\libdaisy.a(stm32h7xx_hal_sdram.o)
                0x0800a9c4                HAL_SDRAM_ProgramRefreshRate
 .text.FMC_SDRAM_Init
                0x0800a9f4       0x7c ../../libDaisy//build\libdaisy.a(stm32h7xx_ll_fmc.o)
                0x0800a9f4                FMC_SDRAM_Init
 .text.FMC_SDRAM_Timing_Init
                0x0800aa70       0x98 ../../libDaisy//build\libdaisy.a(stm32h7xx_ll_fmc.o)
                0x0800aa70                FMC_SDRAM_Timing_Init
 .text.FMC_SDRAM_SendCommand
                0x0800ab08       0x28 ../../libDaisy//build\libdaisy.a(stm32h7xx_ll_fmc.o)
                0x0800ab08                FMC_SDRAM_SendCommand
 .text.FMC_SDRAM_ProgramRefreshRate
                0x0800ab30       0x1c ../../libDaisy//build\libdaisy.a(stm32h7xx_ll_fmc.o)
                0x0800ab30                FMC_SDRAM_ProgramRefreshRate
 .text.USB_SetTurnaroundTime
                0x0800ab4c      0x104 ../../libDaisy//build\libdaisy.a(stm32h7xx_ll_usb.o)
                0x0800ab4c                USB_SetTurnaroundTime
 .text.USB_FlushTxFifo
                0x0800ac50       0x34 ../../libDaisy//build\libdaisy.a(stm32h7xx_ll_usb.o)
                0x0800ac50                USB_FlushTxFifo
 .text.USB_GetDevSpeed
                0x0800ac84       0x24 ../../libDaisy//build\libdaisy.a(stm32h7xx_ll_usb.o)
                0x0800ac84                USB_GetDevSpeed
 .text.USB_ActivateEndpoint
                0x0800aca8       0x90 ../../libDaisy//build\libdaisy.a(stm32h7xx_ll_usb.o)
                0x0800aca8                USB_ActivateEndpoint
 .text.USB_EPStartXfer
                0x0800ad38      0x230 ../../libDaisy//build\libdaisy.a(stm32h7xx_ll_usb.o)
                0x0800ad38                USB_EPStartXfer
 .text.USB_EP0StartXfer
                0x0800af68      0x174 ../../libDaisy//build\libdaisy.a(stm32h7xx_ll_usb.o)
                0x0800af68                USB_EP0StartXfer
 .text.USB_WritePacket
                0x0800b0dc       0x2c ../../libDaisy//build\libdaisy.a(stm32h7xx_ll_usb.o)
                0x0800b0dc                USB_WritePacket
 .text.USB_ReadPacket
                0x0800b108       0x20 ../../libDaisy//build\libdaisy.a(stm32h7xx_ll_usb.o)
                0x0800b108                USB_ReadPacket
 .text.USB_EPSetStall
                0x0800b128       0x68 ../../libDaisy//build\libdaisy.a(stm32h7xx_ll_usb.o)
                0x0800b128                USB_EPSetStall
 .text.USB_EPClearStall
                0x0800b190       0x58 ../../libDaisy//build\libdaisy.a(stm32h7xx_ll_usb.o)
                0x0800b190                USB_EPClearStall
 .text.USB_SetDevAddress
                0x0800b1e8       0x24 ../../libDaisy//build\libdaisy.a(stm32h7xx_ll_usb.o)
                0x0800b1e8                USB_SetDevAddress
 .text.USB_ReadInterrupts
                0x0800b20c       0x14 ../../libDaisy//build\libdaisy.a(stm32h7xx_ll_usb.o)
                0x0800b20c                USB_ReadInterrupts
 .text.USB_ReadDevAllOutEpInterrupt
                0x0800b220       0x1c ../../libDaisy//build\libdaisy.a(stm32h7xx_ll_usb.o)
                0x0800b220                USB_ReadDevAllOutEpInterrupt
 .text.USB_ReadDevAllInEpInterrupt
                0x0800b23c       0x1c ../../libDaisy//build\libdaisy.a(stm32h7xx_ll_usb.o)
                0x0800b23c                USB_ReadDevAllInEpInterrupt
 .text.USB_ReadDevOutEPInterrupt
                0x0800b258       0x1c ../../libDaisy//build\libdaisy.a(stm32h7xx_ll_usb.o)
                0x0800b258                USB_ReadDevOutEPInterrupt
 .text.USB_ReadDevInEPInterrupt
                0x0800b274       0x38 ../../libDaisy//build\libdaisy.a(stm32h7xx_ll_usb.o)
                0x0800b274                USB_ReadDevInEPInterrupt
 .text.USB_GetMode
                0x0800b2ac        0x8 ../../libDaisy//build\libdaisy.a(stm32h7xx_ll_usb.o)
                0x0800b2ac                USB_GetMode
 .text.USB_ActivateSetup
                0x0800b2b4       0x38 ../../libDaisy//build\libdaisy.a(stm32h7xx_ll_usb.o)
                0x0800b2b4                USB_ActivateSetup
 .text.USB_EP0_OutStart
                0x0800b2ec       0x58 ../../libDaisy//build\libdaisy.a(stm32h7xx_ll_usb.o)
                0x0800b2ec                USB_EP0_OutStart
 .text.USB_InitFSLSPClkSel
                0x0800b344       0x44 ../../libDaisy//build\libdaisy.a(stm32h7xx_ll_usb.o)
                0x0800b344                USB_InitFSLSPClkSel
 .text.USB_HC_ReadInterrupt
                0x0800b388        0x8 ../../libDaisy//build\libdaisy.a(stm32h7xx_ll_usb.o)
                0x0800b388                USB_HC_ReadInterrupt
 .text.USB_HC_Halt
                0x0800b390       0xc0 ../../libDaisy//build\libdaisy.a(stm32h7xx_ll_usb.o)
                0x0800b390                USB_HC_Halt
 .text.USB_StopHost
                0x0800b450      0x2ec ../../libDaisy//build\libdaisy.a(stm32h7xx_ll_usb.o)
                0x0800b450                USB_StopHost
 .text.USBD_SetClassConfig
                0x0800b73c       0x14 ../../libDaisy//build\libdaisy.a(usbd_core.o)
                0x0800b73c                USBD_SetClassConfig
 .text.USBD_ClrClassConfig
                0x0800b750       0x10 ../../libDaisy//build\libdaisy.a(usbd_core.o)
                0x0800b750                USBD_ClrClassConfig
 .text.USBD_LL_SetupStage
                0x0800b760       0x5c ../../libDaisy//build\libdaisy.a(usbd_core.o)
                0x0800b760                USBD_LL_SetupStage
 .text.USBD_LL_DataOutStage
                0x0800b7bc       0x7c ../../libDaisy//build\libdaisy.a(usbd_core.o)
                0x0800b7bc                USBD_LL_DataOutStage
 .text.USBD_LL_DataInStage
                0x0800b838       0xcc ../../libDaisy//build\libdaisy.a(usbd_core.o)
                0x0800b838                USBD_LL_DataInStage
 .text.USBD_LL_Reset
                0x0800b904       0x50 ../../libDaisy//build\libdaisy.a(usbd_core.o)
                0x0800b904                USBD_LL_Reset
 .text.USBD_LL_SetSpeed
                0x0800b954        0x8 ../../libDaisy//build\libdaisy.a(usbd_core.o)
                0x0800b954                USBD_LL_SetSpeed
 .text.USBD_LL_Suspend
                0x0800b95c       0x14 ../../libDaisy//build\libdaisy.a(usbd_core.o)
                0x0800b95c                USBD_LL_Suspend
 .text.USBD_LL_Resume
                0x0800b970       0x10 ../../libDaisy//build\libdaisy.a(usbd_core.o)
                0x0800b970                USBD_LL_Resume
 .text.USBD_LL_SOF
                0x0800b980       0x1c ../../libDaisy//build\libdaisy.a(usbd_core.o)
                0x0800b980                USBD_LL_SOF
 .text.USBD_LL_IsoINIncomplete
                0x0800b99c        0x4 ../../libDaisy//build\libdaisy.a(usbd_core.o)
                0x0800b99c                USBD_LL_IsoINIncomplete
 .text.USBD_LL_IsoOUTIncomplete
                0x0800b9a0        0x4 ../../libDaisy//build\libdaisy.a(usbd_core.o)
                0x0800b9a0                USBD_LL_IsoOUTIncomplete
 .text.USBD_LL_DevConnected
                0x0800b9a4        0x4 ../../libDaisy//build\libdaisy.a(usbd_core.o)
                0x0800b9a4                USBD_LL_DevConnected
 .text.USBD_LL_DevDisconnected
                0x0800b9a8       0x18 ../../libDaisy//build\libdaisy.a(usbd_core.o)
                0x0800b9a8                USBD_LL_DevDisconnected
 .text.USBD_StdDevReq
                0x0800b9c0      0x304 ../../libDaisy//build\libdaisy.a(usbd_ctlreq.o)
                0x0800b9c0                USBD_StdDevReq
 .text.USBD_StdItfReq
                0x0800bcc4       0x68 ../../libDaisy//build\libdaisy.a(usbd_ctlreq.o)
                0x0800bcc4                USBD_StdItfReq
 .text.USBD_StdEPReq
                0x0800bd2c      0x13c ../../libDaisy//build\libdaisy.a(usbd_ctlreq.o)
                0x0800bd2c                USBD_StdEPReq
 .text.USBD_ParseSetupRequest
                0x0800be68       0x28 ../../libDaisy//build\libdaisy.a(usbd_ctlreq.o)
                0x0800be68                USBD_ParseSetupRequest
 .text.USBD_CtlSendData
                0x0800be90       0x1c ../../libDaisy//build\libdaisy.a(usbd_ioreq.o)
                0x0800be90                USBD_CtlSendData
 .text.USBD_CtlContinueSendData
                0x0800beac       0x14 ../../libDaisy//build\libdaisy.a(usbd_ioreq.o)
                0x0800beac                USBD_CtlContinueSendData
 .text.USBD_CtlContinueRx
                0x0800bec0       0x14 ../../libDaisy//build\libdaisy.a(usbd_ioreq.o)
                0x0800bec0                USBD_CtlContinueRx
 .text.USBD_CtlSendStatus
                0x0800bed4       0x18 ../../libDaisy//build\libdaisy.a(usbd_ioreq.o)
                0x0800bed4                USBD_CtlSendStatus
 .text.USBD_CtlReceiveStatus
                0x0800beec       0x18 ../../libDaisy//build\libdaisy.a(usbd_ioreq.o)
                0x0800beec                USBD_CtlReceiveStatus
 .text.USBH_LL_IncTimer
                0x0800bf04       0x20 ../../libDaisy//build\libdaisy.a(usbh_core.o)
                0x0800bf04                USBH_LL_IncTimer
 .text.USBH_LL_PortEnabled
                0x0800bf24        0x8 ../../libDaisy//build\libdaisy.a(usbh_core.o)
                0x0800bf24                USBH_LL_PortEnabled
 .text.USBH_LL_PortDisabled
                0x0800bf2c        0x8 ../../libDaisy//build\libdaisy.a(usbh_core.o)
                0x0800bf2c                USBH_LL_PortDisabled
 .text.USBH_LL_Connect
                0x0800bf34       0x18 ../../libDaisy//build\libdaisy.a(usbh_core.o)
                0x0800bf34                USBH_LL_Connect
 .text.USBH_LL_Disconnect
                0x0800bf4c       0x2c ../../libDaisy//build\libdaisy.a(usbh_core.o)
                0x0800bf4c                USBH_LL_Disconnect
 .text.USBH_FreePipe
                0x0800bf78       0x18 ../../libDaisy//build\libdaisy.a(usbh_pipes.o)
                0x0800bf78                USBH_FreePipe
 .text._ZN5daisy6Random4InitEv
                0x0800bf90       0x3c ../../libDaisy//build\libdaisy.a(rng.o)
                0x0800bf90                daisy::Random::Init()
 .text._ZN5daisy9SpiHandle4Impl7InitDmaEv
                0x0800bfcc       0xec ../../libDaisy//build\libdaisy.a(spi.o)
                0x0800bfcc                daisy::SpiHandle::Impl::InitDma()
 .text._ZN5daisy9SpiHandle4Impl10StartDmaTxEPhjPFvPvEPFvS3_NS0_6ResultEES3_
                0x0800c0b8       0xc8 ../../libDaisy//build\libdaisy.a(spi.o)
                0x0800c0b8                daisy::SpiHandle::Impl::StartDmaTx(unsigned char*, unsigned int, void (*)(void*), void (*)(void*, daisy::SpiHandle::Result), void*)
 .text._ZN5daisy9SpiHandle4Impl10StartDmaRxEPhjPFvPvEPFvS3_NS0_6ResultEES3_
                0x0800c180       0xc8 ../../libDaisy//build\libdaisy.a(spi.o)
                0x0800c180                daisy::SpiHandle::Impl::StartDmaRx(unsigned char*, unsigned int, void (*)(void*), void (*)(void*, daisy::SpiHandle::Result), void*)
 .text._ZN5daisy9SpiHandle4Impl12StartDmaRxTxEPhS2_jPFvPvEPFvS3_NS0_6ResultEES3_
                0x0800c248       0xcc ../../libDaisy//build\libdaisy.a(spi.o)
                0x0800c248                daisy::SpiHandle::Impl::StartDmaRxTx(unsigned char*, unsigned char*, unsigned int, void (*)(void*), void (*)(void*, daisy::SpiHandle::Result), void*)
 .text._ZN5daisy9SpiHandle4Impl8InitPinsEv
                0x0800c314      0x274 ../../libDaisy//build\libdaisy.a(spi.o)
                0x0800c314                daisy::SpiHandle::Impl::InitPins()
 .text.HAL_SPI_MspInit
                0x0800c588      0x1a8 ../../libDaisy//build\libdaisy.a(spi.o)
                0x0800c588                HAL_SPI_MspInit
 .text.dsy_spi_global_init
                0x0800c730       0x80 ../../libDaisy//build\libdaisy.a(spi.o)
                0x0800c730                dsy_spi_global_init
 .text.SPI1_IRQHandler
                0x0800c7b0        0xc ../../libDaisy//build\libdaisy.a(spi.o)
                0x0800c7b0                SPI1_IRQHandler
 .text.SPI2_IRQHandler
                0x0800c7bc        0xc ../../libDaisy//build\libdaisy.a(spi.o)
                0x0800c7bc                SPI2_IRQHandler
 .text.SPI3_IRQHandler
                0x0800c7c8        0xc ../../libDaisy//build\libdaisy.a(spi.o)
                0x0800c7c8                SPI3_IRQHandler
 .text.SPI4_IRQHandler
                0x0800c7d4        0xc ../../libDaisy//build\libdaisy.a(spi.o)
                0x0800c7d4                SPI4_IRQHandler
 .text.SPI5_IRQHandler
                0x0800c7e0        0xc ../../libDaisy//build\libdaisy.a(spi.o)
                0x0800c7e0                SPI5_IRQHandler
 .text.DMA2_Stream2_IRQHandler
                0x0800c7ec       0x34 ../../libDaisy//build\libdaisy.a(spi.o)
                0x0800c7ec                DMA2_Stream2_IRQHandler
 .text.DMA2_Stream3_IRQHandler
                0x0800c820       0x38 ../../libDaisy//build\libdaisy.a(spi.o)
                0x0800c820                DMA2_Stream3_IRQHandler
 .text.HAL_SPI_TxCpltCallback
                0x0800c858       0xc4 ../../libDaisy//build\libdaisy.a(spi.o)
                0x0800c858                HAL_SPI_TxCpltCallback
 .text.HAL_SPI_RxCpltCallback
                0x0800c91c       0xc4 ../../libDaisy//build\libdaisy.a(spi.o)
                0x0800c91c                HAL_SPI_RxCpltCallback
 .text.HAL_SPI_TxRxCpltCallback
                0x0800c9e0       0xc4 ../../libDaisy//build\libdaisy.a(spi.o)
                0x0800c9e0                HAL_SPI_TxRxCpltCallback
 .text.HAL_SPI_ErrorCallback
                0x0800caa4       0xc8 ../../libDaisy//build\libdaisy.a(spi.o)
                0x0800caa4                HAL_SPI_ErrorCallback
 .text.startup._GLOBAL__sub_I__Z19MapInstanceToHandleP11SPI_TypeDef
                0x0800cb6c      0x1b0 ../../libDaisy//build\libdaisy.a(spi.o)
 .text.HAL_TIM_Base_MspInit
                0x0800cd1c      0x1e0 ../../libDaisy//build\libdaisy.a(tim.o)
                0x0800cd1c                HAL_TIM_Base_MspInit
 .text.HAL_TIM_PeriodElapsedCallback
                0x0800cefc       0x44 ../../libDaisy//build\libdaisy.a(tim.o)
                0x0800cefc                HAL_TIM_PeriodElapsedCallback
 .text.TIM2_IRQHandler
                0x0800cf40        0xc ../../libDaisy//build\libdaisy.a(tim.o)
                0x0800cf40                TIM2_IRQHandler
 .text.TIM3_IRQHandler
                0x0800cf4c        0xc ../../libDaisy//build\libdaisy.a(tim.o)
                0x0800cf4c                TIM3_IRQHandler
 .text.TIM4_IRQHandler
                0x0800cf58        0xc ../../libDaisy//build\libdaisy.a(tim.o)
                0x0800cf58                TIM4_IRQHandler
 .text.TIM5_IRQHandler
                0x0800cf64        0xc ../../libDaisy//build\libdaisy.a(tim.o)
                0x0800cf64                TIM5_IRQHandler
 .text._ZN5daisy11TimerHandle4InitERKNS0_6ConfigE
                0x0800cf70       0xd0 ../../libDaisy//build\libdaisy.a(tim.o)
                0x0800cf70                daisy::TimerHandle::Init(daisy::TimerHandle::Config const&)
 .text._ZN5daisy11TimerHandle5StartEv
                0x0800d040       0x24 ../../libDaisy//build\libdaisy.a(tim.o)
                0x0800d040                daisy::TimerHandle::Start()
 .text.startup._GLOBAL__sub_I__ZN5daisy11TimerHandle4Impl4InitERKNS0_6ConfigE
                0x0800d064       0x38 ../../libDaisy//build\libdaisy.a(tim.o)
 .text._ZL20UART_CheckRxListenerPN5daisy11UartHandler4ImplE
                0x0800d09c       0x84 ../../libDaisy//build\libdaisy.a(uart.o)
 .text._ZN5daisy11UartHandler4Impl10StartDmaTxEPhjPFvPvEPFvS3_NS0_6ResultEES3_
                0x0800d120      0x184 ../../libDaisy//build\libdaisy.a(uart.o)
                0x0800d120                daisy::UartHandler::Impl::StartDmaTx(unsigned char*, unsigned int, void (*)(void*), void (*)(void*, daisy::UartHandler::Result), void*)
 .text._ZN5daisy11UartHandler4Impl10StartDmaRxEPhjPFvPvEPFvS3_NS0_6ResultEES3_
                0x0800d2a4      0x184 ../../libDaisy//build\libdaisy.a(uart.o)
                0x0800d2a4                daisy::UartHandler::Impl::StartDmaRx(unsigned char*, unsigned int, void (*)(void*), void (*)(void*, daisy::UartHandler::Result), void*)
 .text._ZN5daisy11UartHandler4Impl19DmaTransferFinishedEP20__UART_HandleTypeDefNS0_6ResultE
                0x0800d428       0xc0 ../../libDaisy//build\libdaisy.a(uart.o)
                0x0800d428                daisy::UartHandler::Impl::DmaTransferFinished(__UART_HandleTypeDef*, daisy::UartHandler::Result)
 .text._ZN5daisy11UartHandler4Impl8InitPinsEv
                0x0800d4e8      0x154 ../../libDaisy//build\libdaisy.a(uart.o)
                0x0800d4e8                daisy::UartHandler::Impl::InitPins()
 .text.HAL_UART_MspInit
                0x0800d63c      0x210 ../../libDaisy//build\libdaisy.a(uart.o)
                0x0800d63c                HAL_UART_MspInit
 .text.dsy_uart_global_init
                0x0800d84c      0x110 ../../libDaisy//build\libdaisy.a(uart.o)
                0x0800d84c                dsy_uart_global_init
 .text.USART1_IRQHandler
                0x0800d95c       0x2c ../../libDaisy//build\libdaisy.a(uart.o)
                0x0800d95c                USART1_IRQHandler
 .text.USART2_IRQHandler
                0x0800d988       0x34 ../../libDaisy//build\libdaisy.a(uart.o)
                0x0800d988                USART2_IRQHandler
 .text.USART3_IRQHandler
                0x0800d9bc       0x34 ../../libDaisy//build\libdaisy.a(uart.o)
                0x0800d9bc                USART3_IRQHandler
 .text.UART4_IRQHandler
                0x0800d9f0       0x34 ../../libDaisy//build\libdaisy.a(uart.o)
                0x0800d9f0                UART4_IRQHandler
 .text.UART5_IRQHandler
                0x0800da24       0x34 ../../libDaisy//build\libdaisy.a(uart.o)
                0x0800da24                UART5_IRQHandler
 .text.USART6_IRQHandler
                0x0800da58       0x34 ../../libDaisy//build\libdaisy.a(uart.o)
                0x0800da58                USART6_IRQHandler
 .text.UART7_IRQHandler
                0x0800da8c       0x34 ../../libDaisy//build\libdaisy.a(uart.o)
                0x0800da8c                UART7_IRQHandler
 .text.UART8_IRQHandler
                0x0800dac0       0x34 ../../libDaisy//build\libdaisy.a(uart.o)
                0x0800dac0                UART8_IRQHandler
 .text.LPUART1_IRQHandler
                0x0800daf4       0x34 ../../libDaisy//build\libdaisy.a(uart.o)
                0x0800daf4                LPUART1_IRQHandler
 .text.DMA1_Stream5_IRQHandler
                0x0800db28       0x34 ../../libDaisy//build\libdaisy.a(uart.o)
                0x0800db28                DMA1_Stream5_IRQHandler
 .text.DMA2_Stream4_IRQHandler
                0x0800db5c       0x38 ../../libDaisy//build\libdaisy.a(uart.o)
                0x0800db5c                DMA2_Stream4_IRQHandler
 .text.HAL_UART_TxCpltCallback
                0x0800db94        0x8 ../../libDaisy//build\libdaisy.a(uart.o)
                0x0800db94                HAL_UART_TxCpltCallback
 .text.HAL_UART_RxCpltCallback
                0x0800db9c       0x94 ../../libDaisy//build\libdaisy.a(uart.o)
                0x0800db9c                HAL_UART_RxCpltCallback
 .text.HAL_UART_RxHalfCpltCallback
                0x0800dc30       0x90 ../../libDaisy//build\libdaisy.a(uart.o)
                0x0800dc30                HAL_UART_RxHalfCpltCallback
 .text.HAL_UART_ErrorCallback
                0x0800dcc0        0x8 ../../libDaisy//build\libdaisy.a(uart.o)
                0x0800dcc0                HAL_UART_ErrorCallback
 .text.startup._GLOBAL__sub_I__Z19MapInstanceToHandleP13USART_TypeDef
                0x0800dcc8      0x194 ../../libDaisy//build\libdaisy.a(uart.o)
 .text.dsy_dma_init
                0x0800de5c      0x100 ../../libDaisy//build\libdaisy.a(dma.o)
                0x0800de5c                dsy_dma_init
 .text.dsy_dma_invalidate_cache_for_buffer
                0x0800df5c       0x2c ../../libDaisy//build\libdaisy.a(dma.o)
                0x0800df5c                dsy_dma_invalidate_cache_for_buffer
 .text.HAL_MDMA_Abort_IT
                0x0800df88       0x2c ../../libDaisy//build\libdaisy.a(stm32h7xx_hal_mdma.o)
                0x0800df88                HAL_MDMA_Abort_IT
 .text.SPI_CloseTransfer
                0x0800dfb4       0xb8 ../../libDaisy//build\libdaisy.a(stm32h7xx_hal_spi.o)
 .text.HAL_SPI_Init
                0x0800e06c      0x15c ../../libDaisy//build\libdaisy.a(stm32h7xx_hal_spi.o)
                0x0800e06c                HAL_SPI_Init
 .text.HAL_SPI_Transmit_DMA
                0x0800e1c8      0x170 ../../libDaisy//build\libdaisy.a(stm32h7xx_hal_spi.o)
                0x0800e1c8                HAL_SPI_Transmit_DMA
 .text.HAL_SPI_TransmitReceive_DMA
                0x0800e338      0x218 ../../libDaisy//build\libdaisy.a(stm32h7xx_hal_spi.o)
                0x0800e338                HAL_SPI_TransmitReceive_DMA
 .text.HAL_SPI_Receive_DMA
                0x0800e550      0x1b4 ../../libDaisy//build\libdaisy.a(stm32h7xx_hal_spi.o)
                0x0800e550                HAL_SPI_Receive_DMA
 .text.SPI_DMATransmitCplt
                0x0800e704       0x28 ../../libDaisy//build\libdaisy.a(stm32h7xx_hal_spi.o)
 .text.SPI_DMAReceiveCplt
                0x0800e72c       0x28 ../../libDaisy//build\libdaisy.a(stm32h7xx_hal_spi.o)
 .text.SPI_DMATransmitReceiveCplt
                0x0800e754       0x28 ../../libDaisy//build\libdaisy.a(stm32h7xx_hal_spi.o)
 .text.HAL_SPI_TxHalfCpltCallback
                0x0800e77c        0x4 ../../libDaisy//build\libdaisy.a(stm32h7xx_hal_spi.o)
                0x0800e77c                HAL_SPI_TxHalfCpltCallback
 .text.SPI_DMAHalfTransmitCplt
                0x0800e780        0xc ../../libDaisy//build\libdaisy.a(stm32h7xx_hal_spi.o)
 .text.HAL_SPI_RxHalfCpltCallback
                0x0800e78c        0x4 ../../libDaisy//build\libdaisy.a(stm32h7xx_hal_spi.o)
                0x0800e78c                HAL_SPI_RxHalfCpltCallback
 .text.SPI_DMAHalfReceiveCplt
                0x0800e790        0xc ../../libDaisy//build\libdaisy.a(stm32h7xx_hal_spi.o)
 .text.HAL_SPI_TxRxHalfCpltCallback
                0x0800e79c        0x4 ../../libDaisy//build\libdaisy.a(stm32h7xx_hal_spi.o)
                0x0800e79c                HAL_SPI_TxRxHalfCpltCallback
 .text.SPI_DMAHalfTransmitReceiveCplt
                0x0800e7a0        0xc ../../libDaisy//build\libdaisy.a(stm32h7xx_hal_spi.o)
 .text.SPI_DMAError
                0x0800e7ac       0xd8 ../../libDaisy//build\libdaisy.a(stm32h7xx_hal_spi.o)
 .text.HAL_SPI_IRQHandler
                0x0800e884      0x23c ../../libDaisy//build\libdaisy.a(stm32h7xx_hal_spi.o)
                0x0800e884                HAL_SPI_IRQHandler
 .text.SPI_DMAAbortOnError
                0x0800eac0       0x1c ../../libDaisy//build\libdaisy.a(stm32h7xx_hal_spi.o)
 .text.HAL_SPI_GetState
                0x0800eadc        0x8 ../../libDaisy//build\libdaisy.a(stm32h7xx_hal_spi.o)
                0x0800eadc                HAL_SPI_GetState
 .text.HAL_TIM_Base_Init
                0x0800eae4      0x140 ../../libDaisy//build\libdaisy.a(stm32h7xx_hal_tim.o)
                0x0800eae4                HAL_TIM_Base_Init
 .text.HAL_TIM_Base_Start
                0x0800ec24       0x34 ../../libDaisy//build\libdaisy.a(stm32h7xx_hal_tim.o)
                0x0800ec24                HAL_TIM_Base_Start
 .text.HAL_TIM_Base_Start_IT
                0x0800ec58       0x2c ../../libDaisy//build\libdaisy.a(stm32h7xx_hal_tim.o)
                0x0800ec58                HAL_TIM_Base_Start_IT
 .text.HAL_TIM_ConfigClockSource
                0x0800ec84      0x17c ../../libDaisy//build\libdaisy.a(stm32h7xx_hal_tim.o)
                0x0800ec84                HAL_TIM_ConfigClockSource
 .text.HAL_TIM_OC_DelayElapsedCallback
                0x0800ee00        0x4 ../../libDaisy//build\libdaisy.a(stm32h7xx_hal_tim.o)
                0x0800ee00                HAL_TIM_OC_DelayElapsedCallback
 .text.HAL_TIM_IC_CaptureCallback
                0x0800ee04        0x4 ../../libDaisy//build\libdaisy.a(stm32h7xx_hal_tim.o)
                0x0800ee04                HAL_TIM_IC_CaptureCallback
 .text.HAL_TIM_PWM_PulseFinishedCallback
                0x0800ee08        0x4 ../../libDaisy//build\libdaisy.a(stm32h7xx_hal_tim.o)
                0x0800ee08                HAL_TIM_PWM_PulseFinishedCallback
 .text.HAL_TIM_TriggerCallback
                0x0800ee0c        0x4 ../../libDaisy//build\libdaisy.a(stm32h7xx_hal_tim.o)
                0x0800ee0c                HAL_TIM_TriggerCallback
 .text.HAL_TIM_IRQHandler
                0x0800ee10      0x170 ../../libDaisy//build\libdaisy.a(stm32h7xx_hal_tim.o)
                0x0800ee10                HAL_TIM_IRQHandler
 .text.HAL_TIMEx_MasterConfigSynchronization
                0x0800ef80       0x64 ../../libDaisy//build\libdaisy.a(stm32h7xx_hal_tim_ex.o)
                0x0800ef80                HAL_TIMEx_MasterConfigSynchronization
 .text.HAL_TIMEx_CommutCallback
                0x0800efe4        0x4 ../../libDaisy//build\libdaisy.a(stm32h7xx_hal_tim_ex.o)
                0x0800efe4                HAL_TIMEx_CommutCallback
 .text.HAL_TIMEx_BreakCallback
                0x0800efe8        0x4 ../../libDaisy//build\libdaisy.a(stm32h7xx_hal_tim_ex.o)
                0x0800efe8                HAL_TIMEx_BreakCallback
 .text.HAL_TIMEx_Break2Callback
                0x0800efec        0x4 ../../libDaisy//build\libdaisy.a(stm32h7xx_hal_tim_ex.o)
                0x0800efec                HAL_TIMEx_Break2Callback
 .text.HAL_UART_Transmit_DMA
                0x0800eff0       0xa4 ../../libDaisy//build\libdaisy.a(stm32h7xx_hal_uart.o)
                0x0800eff0                HAL_UART_Transmit_DMA
 .text.HAL_UART_Receive_DMA
                0x0800f094       0xac ../../libDaisy//build\libdaisy.a(stm32h7xx_hal_uart.o)
                0x0800f094                HAL_UART_Receive_DMA
 .text.UART_DMATransmitCplt
                0x0800f140       0x2c ../../libDaisy//build\libdaisy.a(stm32h7xx_hal_uart.o)
 .text.HAL_UART_TxHalfCpltCallback
                0x0800f16c        0x4 ../../libDaisy//build\libdaisy.a(stm32h7xx_hal_uart.o)
                0x0800f16c                HAL_UART_TxHalfCpltCallback
 .text.UART_DMATxHalfCplt
                0x0800f170        0xc ../../libDaisy//build\libdaisy.a(stm32h7xx_hal_uart.o)
 .text.UART_DMAReceiveCplt
                0x0800f17c       0x38 ../../libDaisy//build\libdaisy.a(stm32h7xx_hal_uart.o)
 .text.UART_DMARxHalfCplt
                0x0800f1b4        0xc ../../libDaisy//build\libdaisy.a(stm32h7xx_hal_uart.o)
 .text.UART_DMAError
                0x0800f1c0       0x78 ../../libDaisy//build\libdaisy.a(stm32h7xx_hal_uart.o)
 .text.HAL_UART_IRQHandler
                0x0800f238      0x1d0 ../../libDaisy//build\libdaisy.a(stm32h7xx_hal_uart.o)
                0x0800f238                HAL_UART_IRQHandler
 .text.UART_DMAAbortOnError
                0x0800f408       0x14 ../../libDaisy//build\libdaisy.a(stm32h7xx_hal_uart.o)
 .text.HAL_UART_GetState
                0x0800f41c        0xc ../../libDaisy//build\libdaisy.a(stm32h7xx_hal_uart.o)
                0x0800f41c                HAL_UART_GetState
 .text.UART_SetConfig
                0x0800f428     0x14b8 ../../libDaisy//build\libdaisy.a(stm32h7xx_hal_uart.o)
                0x0800f428                UART_SetConfig
 .text.UART_AdvFeatureConfig
                0x080108e0       0xb0 ../../libDaisy//build\libdaisy.a(stm32h7xx_hal_uart.o)
                0x080108e0                UART_AdvFeatureConfig
 .text.UART_CheckIdleState
                0x08010990       0x84 ../../libDaisy//build\libdaisy.a(stm32h7xx_hal_uart.o)
                0x08010990                UART_CheckIdleState
 .text.HAL_UART_Init
                0x08010a14       0x68 ../../libDaisy//build\libdaisy.a(stm32h7xx_hal_uart.o)
                0x08010a14                HAL_UART_Init
 .text.HAL_UARTEx_WakeupCallback
                0x08010a7c        0x4 ../../libDaisy//build\libdaisy.a(stm32h7xx_hal_uart_ex.o)
                0x08010a7c                HAL_UARTEx_WakeupCallback
 .text.HAL_UARTEx_RxFifoFullCallback
                0x08010a80        0x4 ../../libDaisy//build\libdaisy.a(stm32h7xx_hal_uart_ex.o)
                0x08010a80                HAL_UARTEx_RxFifoFullCallback
 .text.HAL_UARTEx_TxFifoEmptyCallback
                0x08010a84        0x4 ../../libDaisy//build\libdaisy.a(stm32h7xx_hal_uart_ex.o)
                0x08010a84                HAL_UARTEx_TxFifoEmptyCallback
 .text.__aeabi_atexit
                0x08010a88        0xa c:/program files/daisytoolchain/bin/../lib/gcc/arm-none-eabi/10.2.1/../../../../arm-none-eabi/lib/thumb/v7e-m+dp/hard\libstdc++_nano.a(atexit_arm.o)
                0x08010a88                __aeabi_atexit
 *fill*         0x08010a92        0x2 
 .text.__cxa_atexit
                0x08010a94       0x1c c:/program files/daisytoolchain/bin/../lib/gcc/arm-none-eabi/10.2.1/../../../../arm-none-eabi/lib/thumb/v7e-m+dp/hard\libc_nano.a(lib_a-cxa_atexit.o)
                0x08010a94                __cxa_atexit
 .text.__libc_init_array
                0x08010ab0       0x48 c:/program files/daisytoolchain/bin/../lib/gcc/arm-none-eabi/10.2.1/../../../../arm-none-eabi/lib/thumb/v7e-m+dp/hard\libc_nano.a(lib_a-init.o)
                0x08010ab0                __libc_init_array
 .text.memcpy   0x08010af8       0x1c c:/program files/daisytoolchain/bin/../lib/gcc/arm-none-eabi/10.2.1/../../../../arm-none-eabi/lib/thumb/v7e-m+dp/hard\libc_nano.a(lib_a-memcpy-stub.o)
                0x08010af8                memcpy
 .text.memset   0x08010b14       0x10 c:/program files/daisytoolchain/bin/../lib/gcc/arm-none-eabi/10.2.1/../../../../arm-none-eabi/lib/thumb/v7e-m+dp/hard\libc_nano.a(lib_a-memset.o)
                0x08010b14                memset
 *(.rodata)
 .rodata        0x08010b24       0x10 ../../libDaisy//build\libdaisy.a(i2c.o)
 .rodata        0x08010b34       0x10 ../../libDaisy//build\libdaisy.a(tim.o)
 .rodata        0x08010b44       0x12 ../../libDaisy//build\libdaisy.a(uart.o)
 *(.rodata*)
 *fill*         0x08010b56        0x2 
 .rodata._ZL16dsy_adc_rank_map
                0x08010b58       0x40 ../../libDaisy//build\libdaisy.a(adc.o)
 .rodata.CSWTCH.35
                0x08010b98        0x3 ../../libDaisy//build\libdaisy.a(sai.o)
 *fill*         0x08010b9b        0x1 
 .rodata.CSWTCH.36
                0x08010b9c        0xc ../../libDaisy//build\libdaisy.a(sai.o)
 .rodata.CSWTCH.44
                0x08010ba8       0x14 ../../libDaisy//build\libdaisy.a(sai.o)
 .rodata.D1CorePrescTable
                0x08010bbc       0x10 ../../libDaisy//build\libdaisy.a(system_stm32h7xx.o)
                0x08010bbc                D1CorePrescTable
 .rodata.CSWTCH.24
                0x08010bcc        0x4 ../../libDaisy//build\libdaisy.a(usbd_conf.o)
 .rodata.CSWTCH.19
                0x08010bd0        0x4 ../../libDaisy//build\libdaisy.a(usbh_conf.o)
 .rodata.gpio_hal_pin_map
                0x08010bd4       0x20 ../../libDaisy//build\libdaisy.a(hal_map.o)
 .rodata.gpio_hal_port_map
                0x08010bf4       0x30 ../../libDaisy//build\libdaisy.a(hal_map.o)
 .rodata.flagBitshiftOffset.0
                0x08010c24        0x8 ../../libDaisy//build\libdaisy.a(stm32h7xx_hal_dma.o)
 .rodata._ZL13pins_none_spi
                0x08010c2c        0x3 ../../libDaisy//build\libdaisy.a(spi.o)
 *fill*         0x08010c2f        0x1 
 .rodata._ZL16pins_periphs_spi
                0x08010c30       0x60 ../../libDaisy//build\libdaisy.a(spi.o)
 .rodata.CSWTCH.418
                0x08010c90       0x29 ../../libDaisy//build\libdaisy.a(stm32h7xx_hal_uart.o)
 *fill*         0x08010cb9        0x3 
 .rodata.CSWTCH.419
                0x08010cbc        0x6 ../../libDaisy//build\libdaisy.a(stm32h7xx_hal_uart.o)
 *fill*         0x08010cc2        0x2 
 .rodata.CSWTCH.426
                0x08010cc4        0x6 ../../libDaisy//build\libdaisy.a(stm32h7xx_hal_uart.o)
 *(.glue_7)
 .glue_7        0x08010cca        0x0 linker stubs
 *(.glue_7t)
 .glue_7t       0x08010cca        0x0 linker stubs
 *(.init)
 *fill*         0x08010cca        0x2 
 .init          0x08010ccc        0x4 c:/program files/daisytoolchain/bin/../lib/gcc/arm-none-eabi/10.2.1/thumb/v7e-m+dp/hard/crti.o
                0x08010ccc                _init
 .init          0x08010cd0        0x8 c:/program files/daisytoolchain/bin/../lib/gcc/arm-none-eabi/10.2.1/thumb/v7e-m+dp/hard/crtn.o
 *(.fini)
 .fini          0x08010cd8        0x4 c:/program files/daisytoolchain/bin/../lib/gcc/arm-none-eabi/10.2.1/thumb/v7e-m+dp/hard/crti.o
                0x08010cd8                _fini
 .fini          0x08010cdc        0x8 c:/program files/daisytoolchain/bin/../lib/gcc/arm-none-eabi/10.2.1/thumb/v7e-m+dp/hard/crtn.o
                0x08010ce4                . = ALIGN (0x4)
                0x08010ce4                _etext = .

.eh_frame       0x08010ce4        0x0
 .eh_frame      0x08010ce4        0x0 c:/program files/daisytoolchain/bin/../lib/gcc/arm-none-eabi/10.2.1/thumb/v7e-m+dp/hard/crtbegin.o

.vfp11_veneer   0x08010ce4        0x0
 .vfp11_veneer  0x08010ce4        0x0 linker stubs

.v4_bx          0x08010ce4        0x0
 .v4_bx         0x08010ce4        0x0 linker stubs

.iplt           0x08010ce4        0x0
 .iplt          0x08010ce4        0x0 c:/program files/daisytoolchain/bin/../lib/gcc/arm-none-eabi/10.2.1/thumb/v7e-m+dp/hard/crtbegin.o

.ARM.extab      0x08010ce4        0x0
                0x08010ce4                . = ALIGN (0x4)
 *(.ARM.extab)
 *(.gnu.linkonce.armextab.*)
                0x08010ce4                . = ALIGN (0x4)

.exidx          0x08010ce4        0x8
                0x08010ce4                . = ALIGN (0x4)
                [!provide]                PROVIDE (__exidx_start = .)
 *(.ARM.exidx*)
 .ARM.exidx     0x08010ce4        0x8 c:/program files/daisytoolchain/bin/../lib/gcc/arm-none-eabi/10.2.1/thumb/v7e-m+dp/hard\libgcc.a(_udivmoddi4.o)
                0x08010cec                . = ALIGN (0x4)
                [!provide]                PROVIDE (__exidx_end = .)

.rel.dyn        0x08010cec        0x0
 .rel.iplt      0x08010cec        0x0 c:/program files/daisytoolchain/bin/../lib/gcc/arm-none-eabi/10.2.1/thumb/v7e-m+dp/hard/crtbegin.o

.ARM.attributes
                0x08010cec       0x2e
 *(.ARM.attributes)
 .ARM.attributes
                0x08010cec       0x1e c:/program files/daisytoolchain/bin/../lib/gcc/arm-none-eabi/10.2.1/thumb/v7e-m+dp/hard/crti.o
 .ARM.attributes
                0x08010d0a       0x32 c:/program files/daisytoolchain/bin/../lib/gcc/arm-none-eabi/10.2.1/thumb/v7e-m+dp/hard/crtbegin.o
 .ARM.attributes
                0x08010d3c       0x32 build/startup_stm32h750xx.o
 .ARM.attributes
                0x08010d6e       0x32 build/freq-fiche.o
 .ARM.attributes
                0x08010da0       0x32 ../../libDaisy//build\libdaisy.a(daisy_seed.o)
 .ARM.attributes
                0x08010dd2       0x32 ../../libDaisy//build\libdaisy.a(codec_ak4556.o)
 .ARM.attributes
                0x08010e04       0x32 ../../libDaisy//build\libdaisy.a(codec_wm8731.o)
 .ARM.attributes
                0x08010e36       0x32 ../../libDaisy//build\libdaisy.a(sdram.o)
 .ARM.attributes
                0x08010e68       0x32 ../../libDaisy//build\libdaisy.a(audio.o)
 .ARM.attributes
                0x08010e9a       0x32 ../../libDaisy//build\libdaisy.a(adc.o)
 .ARM.attributes
                0x08010ecc       0x32 ../../libDaisy//build\libdaisy.a(gpio.o)
 .ARM.attributes
                0x08010efe       0x32 ../../libDaisy//build\libdaisy.a(i2c.o)
 .ARM.attributes
                0x08010f30       0x32 ../../libDaisy//build\libdaisy.a(qspi.o)
 .ARM.attributes
                0x08010f62       0x32 ../../libDaisy//build\libdaisy.a(sai.o)
 .ARM.attributes
                0x08010f94       0x32 ../../libDaisy//build\libdaisy.a(system.o)
 .ARM.attributes
                0x08010fc6       0x32 ../../libDaisy//build\libdaisy.a(system_stm32h7xx.o)
 .ARM.attributes
                0x08010ff8       0x32 ../../libDaisy//build\libdaisy.a(usbd_conf.o)
 .ARM.attributes
                0x0801102a       0x32 ../../libDaisy//build\libdaisy.a(usbh_conf.o)
 .ARM.attributes
                0x0801105c       0x32 ../../libDaisy//build\libdaisy.a(hal_map.o)
 .ARM.attributes
                0x0801108e       0x32 ../../libDaisy//build\libdaisy.a(stm32h7xx_hal.o)
 .ARM.attributes
                0x080110c0       0x32 ../../libDaisy//build\libdaisy.a(stm32h7xx_hal_adc.o)
 .ARM.attributes
                0x080110f2       0x32 ../../libDaisy//build\libdaisy.a(stm32h7xx_hal_adc_ex.o)
 .ARM.attributes
                0x08011124       0x32 ../../libDaisy//build\libdaisy.a(stm32h7xx_hal_cortex.o)
 .ARM.attributes
                0x08011156       0x32 ../../libDaisy//build\libdaisy.a(stm32h7xx_hal_dma.o)
 .ARM.attributes
                0x08011188       0x32 ../../libDaisy//build\libdaisy.a(stm32h7xx_hal_gpio.o)
 .ARM.attributes
                0x080111ba       0x32 ../../libDaisy//build\libdaisy.a(stm32h7xx_hal_hcd.o)
 .ARM.attributes
                0x080111ec       0x32 ../../libDaisy//build\libdaisy.a(stm32h7xx_hal_i2c.o)
 .ARM.attributes
                0x0801121e       0x32 ../../libDaisy//build\libdaisy.a(stm32h7xx_hal_i2c_ex.o)
 .ARM.attributes
                0x08011250       0x32 ../../libDaisy//build\libdaisy.a(stm32h7xx_hal_pcd.o)
 .ARM.attributes
                0x08011282       0x32 ../../libDaisy//build\libdaisy.a(stm32h7xx_hal_pcd_ex.o)
 .ARM.attributes
                0x080112b4       0x32 ../../libDaisy//build\libdaisy.a(stm32h7xx_hal_pwr_ex.o)
 .ARM.attributes
                0x080112e6       0x32 ../../libDaisy//build\libdaisy.a(stm32h7xx_hal_qspi.o)
 .ARM.attributes
                0x08011318       0x32 ../../libDaisy//build\libdaisy.a(stm32h7xx_hal_rcc.o)
 .ARM.attributes
                0x0801134a       0x32 ../../libDaisy//build\libdaisy.a(stm32h7xx_hal_rcc_ex.o)
 .ARM.attributes
                0x0801137c       0x32 ../../libDaisy//build\libdaisy.a(stm32h7xx_hal_sai.o)
 .ARM.attributes
                0x080113ae       0x32 ../../libDaisy//build\libdaisy.a(stm32h7xx_hal_sdram.o)
 .ARM.attributes
                0x080113e0       0x32 ../../libDaisy//build\libdaisy.a(stm32h7xx_ll_fmc.o)
 .ARM.attributes
                0x08011412       0x32 ../../libDaisy//build\libdaisy.a(stm32h7xx_ll_usb.o)
 .ARM.attributes
                0x08011444       0x32 ../../libDaisy//build\libdaisy.a(usbd_core.o)
 .ARM.attributes
                0x08011476       0x32 ../../libDaisy//build\libdaisy.a(usbd_ctlreq.o)
 .ARM.attributes
                0x080114a8       0x32 ../../libDaisy//build\libdaisy.a(usbd_ioreq.o)
 .ARM.attributes
                0x080114da       0x32 ../../libDaisy//build\libdaisy.a(usbh_core.o)
 .ARM.attributes
                0x0801150c       0x32 ../../libDaisy//build\libdaisy.a(usbh_pipes.o)
 .ARM.attributes
                0x0801153e       0x32 ../../libDaisy//build\libdaisy.a(rng.o)
 .ARM.attributes
                0x08011570       0x32 ../../libDaisy//build\libdaisy.a(spi.o)
 .ARM.attributes
                0x080115a2       0x32 ../../libDaisy//build\libdaisy.a(tim.o)
 .ARM.attributes
                0x080115d4       0x32 ../../libDaisy//build\libdaisy.a(uart.o)
 .ARM.attributes
                0x08011606       0x32 ../../libDaisy//build\libdaisy.a(dma.o)
 .ARM.attributes
                0x08011638       0x32 ../../libDaisy//build\libdaisy.a(stm32h7xx_hal_mdma.o)
 .ARM.attributes
                0x0801166a       0x32 ../../libDaisy//build\libdaisy.a(stm32h7xx_hal_spi.o)
 .ARM.attributes
                0x0801169c       0x32 ../../libDaisy//build\libdaisy.a(stm32h7xx_hal_tim.o)
 .ARM.attributes
                0x080116ce       0x32 ../../libDaisy//build\libdaisy.a(stm32h7xx_hal_tim_ex.o)
 .ARM.attributes
                0x08011700       0x32 ../../libDaisy//build\libdaisy.a(stm32h7xx_hal_uart.o)
 .ARM.attributes
                0x08011732       0x32 ../../libDaisy//build\libdaisy.a(stm32h7xx_hal_uart_ex.o)
 .ARM.attributes
                0x08011764       0x32 c:/program files/daisytoolchain/bin/../lib/gcc/arm-none-eabi/10.2.1/../../../../arm-none-eabi/lib/thumb/v7e-m+dp/hard\libstdc++_nano.a(atexit_arm.o)
 .ARM.attributes
                0x08011796       0x32 c:/program files/daisytoolchain/bin/../lib/gcc/arm-none-eabi/10.2.1/../../../../arm-none-eabi/lib/thumb/v7e-m+dp/hard\libc_nano.a(lib_a-cxa_atexit.o)
 .ARM.attributes
                0x080117c8       0x32 c:/program files/daisytoolchain/bin/../lib/gcc/arm-none-eabi/10.2.1/../../../../arm-none-eabi/lib/thumb/v7e-m+dp/hard\libc_nano.a(lib_a-init.o)
 .ARM.attributes
                0x080117fa       0x32 c:/program files/daisytoolchain/bin/../lib/gcc/arm-none-eabi/10.2.1/../../../../arm-none-eabi/lib/thumb/v7e-m+dp/hard\libc_nano.a(lib_a-memcpy-stub.o)
 .ARM.attributes
                0x0801182c       0x32 c:/program files/daisytoolchain/bin/../lib/gcc/arm-none-eabi/10.2.1/../../../../arm-none-eabi/lib/thumb/v7e-m+dp/hard\libc_nano.a(lib_a-memset.o)
 .ARM.attributes
                0x0801185e       0x1e c:/program files/daisytoolchain/bin/../lib/gcc/arm-none-eabi/10.2.1/thumb/v7e-m+dp/hard\libgcc.a(_aeabi_uldivmod.o)
 .ARM.attributes
                0x0801187c       0x32 c:/program files/daisytoolchain/bin/../lib/gcc/arm-none-eabi/10.2.1/thumb/v7e-m+dp/hard\libgcc.a(_udivmoddi4.o)
 .ARM.attributes
                0x080118ae       0x1e c:/program files/daisytoolchain/bin/../lib/gcc/arm-none-eabi/10.2.1/thumb/v7e-m+dp/hard\libgcc.a(_dvmd_tls.o)
 .ARM.attributes
                0x080118cc       0x1e c:/program files/daisytoolchain/bin/../lib/gcc/arm-none-eabi/10.2.1/thumb/v7e-m+dp/hard/crtn.o

.preinit_array  0x08010cec        0x0
                0x08010cec                PROVIDE (__preinit_array_start = .)
 *(.preinit_array*)
                0x08010cec                PROVIDE (__preinit_array_end = .)

.init_array     0x08010cec       0x24
                0x08010cec                PROVIDE (__init_array_start = .)
 *(SORT_BY_NAME(.init_array.*))
 *(.init_array*)
 .init_array    0x08010cec        0x4 c:/program files/daisytoolchain/bin/../lib/gcc/arm-none-eabi/10.2.1/thumb/v7e-m+dp/hard/crtbegin.o
 .init_array    0x08010cf0        0x4 build/freq-fiche.o
 .init_array    0x08010cf4        0x4 ../../libDaisy//build\libdaisy.a(audio.o)
 .init_array    0x08010cf8        0x4 ../../libDaisy//build\libdaisy.a(i2c.o)
 .init_array    0x08010cfc        0x4 ../../libDaisy//build\libdaisy.a(qspi.o)
 .init_array    0x08010d00        0x4 ../../libDaisy//build\libdaisy.a(system.o)
 .init_array    0x08010d04        0x4 ../../libDaisy//build\libdaisy.a(spi.o)
 .init_array    0x08010d08        0x4 ../../libDaisy//build\libdaisy.a(tim.o)
 .init_array    0x08010d0c        0x4 ../../libDaisy//build\libdaisy.a(uart.o)
                0x08010d10                PROVIDE (__init_array_end = .)
